你给出的Geo_RWKVcnV2.docx和生成的其他内容还行，但任然存在需要改进和不足的部分，以下为本次输出你需要解决的内容：
一、 论文方面：
1. 我需要的是一份论文手稿，而非一个内部记录,所以诸如"分类列在实验工作簿中未显式展开为OA或Accuracy，但相关训练代码以预测正确率作为分类指标。为避免超出证据，本中文初稿统一将其记为分类得分（%）；提交前应结合评测日志确认最终术语。ShapeNetPart的mIoU_C/mIoU_I在定稿前也应由原始评测脚本确认分别对应类别平均和实例平均。"
"不能无条件称为关于输入点数N的线性复杂度"，"表2汇总工作簿中v1m5的允许入文结果"，"由于允许使用的工作簿行未提供可归因到具体方法的对比基线，本文在此只报告绝对结果，不据此作最优性能或全面优越性判断。"这类备忘性质的语句不允许出现在正文中，如果你确实有需要提醒注意的地方，请在额外的Memorandum_Record.txt告知。
手稿正文严禁出现此类描述(由于...未知所以...的内容)。允许使用占位描述，但不允许出现此类记录类的描述。
2. 你的手稿语气太像一篇由机器撰写的报告性质的文章，你是手稿的作者，所以"文中因此将“可递推的理论算法”与“短轴dense GPU后端”分开报告。"这种描述可以更接近自然人的语气。
例如我们将在第x节报告什么内容。所以在Geo_RWKVcnV3.docx中请注意这方面的内容。
3. Experime部分，你的4.3Main Results部分，在一般的点云分析文章中，我们不会把三个数据集的实验结果放在同一张表上进行汇报(一般分为3个小节，4.3.1、4.3.2等)，
同样的我们不会只放自己的实验结果，而不去与基线做准确率，FLOPs,参数量等方面的对比说明。基线以及对比模型需要你自行去思考，我们该去与什么模型对比，说明我们的优势所在。
这正是需要你在4.3节中完成的内容。
4.消融实验部分,你对于模块带来的收益解释还不错。但这类"去除分母归一化带来0.24个百分点下降，其幅度小于A1和A2；因此本次运行支持保留归一化，但不足以作“归一化在所有设置中必不可少”的绝对结论。三轴共享β与固定β均得到86.19，分别低于完整模型0.80个百分点，说明独立轴衰减和可学习衰减在当前轴对齐PB-T50-RS设置中均有正向贡献。两项消融恰好得到相同记录值，不应被解释为二者机制等价。
工作簿仅记录每个设置的单个结果，未提供多随机种子均值与标准差，因此上述差异应理解为当前训练协议下的经验观察，而非统计显著性结论。消融行除A3外也未记录参数量，所有行均未记录FLOPs；本文不以主模型的资源数值填充这些缺失项。
"记录性语言还是存在，注意我们是撰写论文手稿，在消融部分需要描述的是模块带来的收益解释等应该出现在这部分的内容。
(我们先假设现在的实验数据已经是多轮重复实验提供的，后续我会再补充这部分内容)
5. 同时消融部分应该保留在3.7中所提到的【当前GPU默认实现针对4、6、8等短轴显式构造G_{ab}=ρ^{|a−b|}，再进行小矩阵乘法。对轴长L_a，其dense计算量为O[BHM(D+1)L_a]；三个轴合计为O{BHM(D+1)(X_g+Y_g+Z_g)}。该实现的渐近表达不同于递推式，但在本工作的短轴设置下能更好利用矩阵乘法内核，并避免并行扫描所需的排列、连续化、gate tensor及多次kernel launch。文中因此将“可递推的理论算法”与“短轴dense GPU后端”分开报告。
Voxel-WKV本身不构造N×N token-pair核。需要说明的是，层次转换中的中心匹配使用torch.cdist，其代价约为O(BN_sN_{s+1})，但仅在相邻阶段转换时执行，而非每个block执行。参数量与工作簿口径下的FLOPs在第4节报告。
】对应的内容部分。
6.Limitations and Discussion部分，需要讨论我们文章在做什么，因为什么取得了什么优势，有什么效果。
但当前仍然存在什么不足，而不是让你完全描述我们文章存在什么不足。正面描述和负面描述的内容占比大约60%和40%。

上述不足中我所提及的内容是作为一个具体的例子让你体会，不代表文章中此类问题只存在于此处需要改进。你在撰写Geo_RWKVcnV3.docx时需要做全面检查。另外Geo_RWKVcnV3.docx需要补充文章的摘要部分以及手稿对应的sci英文文章名称(模型暂称的Geo_RWKV只是一个占位符)。

二、 补充消融实验部分
考虑到这只是一篇sci 3，4区的文章，不需要做那么全面的消融实验，我只打算在现有消融实验上补充关于文章3.7中提及的对应消融实验部分。
请你帮我详细设计这个消融实验，生成一份消融实验指导在3.7_Abortion_Requirements.txt中包含具体的为什么需要做这个消融，这个消融能够说明什么，
消融的详细config是什么等等消融细节。

三、插图部分
现在需要你按照手稿的主要内容以及Picture_caption.txt中关于文章插图的描述，帮我生成对应的草图放于Pictures文件夹下，供我后续绘制插图作为参考。插图内容服务于Geo_RWKVcnV3.docx。需要绘制什么样的草图，以及草图的具体要求以Geo_RWKVcnV3.docx为主。

