
================================================================================
Raw dmesg output or permission evidence
================================================================================
[    1.617283] Booting Linux on physical CPU 0x0000000000 [0x412fd050]
[    1.617302] Linux version 5.10.160 (alientek@alientek) (aarch64-none-linux-gnu-gcc (GNU Toolchain for the A-profile Architecture 10.3-2021.07 (arm-10.29)) 10.3.1 20210621, GNU ld (GNU Toolchain for the A-profile Architecture 10.3-2021.07 (arm-10.29)) 2.36.1.20210621) #1 SMP Tue Oct 21 14:42:25 CST 2025
[    1.628044] Machine model: ATK-DLRK3588 Board
[    1.628107] earlycon: uart8250 at MMIO32 0x00000000feb50000 (options '')
[    1.632019] printk: bootconsole [uart8250] enabled
[    1.634738] efi: UEFI not found.
[    1.640629] OF: fdt: Reserved memory: failed to reserve memory for node 'drm-cubic-lut@00000000': base 0x0000000000000000, size 0 MiB
[    1.641742] Reserved memory: created CMA memory pool at 0x0000000010000000, size 128 MiB
[    1.642464] OF: reserved mem: initialized node cma, compatible id shared-dma-pool
[    1.759736] Zone ranges:
[    1.759974]   DMA      [mem 0x0000000000200000-0x00000000ffffffff]
[    1.760525]   DMA32    empty
[    1.760785]   Normal   [mem 0x0000000100000000-0x00000002ffffffff]
[    1.761335] Movable zone start for each node
[    1.761715] Early memory node ranges
[    1.762035]   node   0: [mem 0x0000000000200000-0x00000000083fffff]
[    1.762592]   node   0: [mem 0x0000000009400000-0x00000000efffffff]
[    1.763149]   node   0: [mem 0x0000000100000000-0x00000001ffffffff]
[    1.763705]   node   0: [mem 0x00000002f0000000-0x00000002ffffffff]
[    1.764262] Initmem setup node 0 [mem 0x0000000000200000-0x00000002ffffffff]
[    1.764890] On node 0 totalpages: 2092544
[    1.764894]   DMA zone: 15288 pages used for memmap
[    1.764896]   DMA zone: 0 pages reserved
[    1.764899]   DMA zone: 978432 pages, LIFO batch:63
[    1.764903]   Normal zone: 17408 pages used for memmap
[    1.764906]   Normal zone: 1114112 pages, LIFO batch:63
[    1.809205] psci: probing for conduit method from DT.
[    1.809661] psci: PSCIv1.1 detected in firmware.
[    1.810071] psci: Using standard PSCI v0.2 function IDs
[    1.810538] psci: Trusted OS migration not required
[    1.810977] psci: SMC Calling Convention v1.2
[    1.811693] percpu: Embedded 30 pages/cpu s83480 r8192 d31208 u122880
[    1.812306] pcpu-alloc: s83480 r8192 d31208 u122880 alloc=30*4096
[    1.812311] pcpu-alloc: [0] 0 [0] 1 [0] 2 [0] 3 [0] 4 [0] 5 [0] 6 [0] 7 
[    1.812433] Detected VIPT I-cache on CPU0
[    1.812823] CPU features: detected: GIC system register CPU interface
[    1.813396] CPU features: detected: Virtualization Host Extensions
[    1.813950] CPU features: detected: ARM errata 1165522, 1319367, or 1530923
[    1.814573] alternatives: patching kernel code
[    1.816664] Built 1 zonelists, mobility grouping on.  Total pages: 2059848
[    1.817280] Kernel command line: storagemedia=emmc androidboot.storagemedia=emmc androidboot.mode=normal  androidboot.verifiedbootstate=orange rw rootwait earlycon=uart8250,mmio32,0xfeb50000 console=ttyFIQ0 irqchip.gicv3_pseudo_nmi=0 root=PARTUUID=614e0000-0000
[    1.820230] Dentry cache hash table entries: 1048576 (order: 11, 8388608 bytes, linear)
[    1.821317] Inode-cache hash table entries: 524288 (order: 10, 4194304 bytes, linear)
[    1.822015] mem auto-init: stack:off, heap alloc:off, heap free:off
[    1.828641] software IO TLB: mapped [mem 0x00000000e9f00000-0x00000000edf00000] (64MB)
[    1.889830] Memory: 7974132K/8370176K available (18560K kernel code, 3414K rwdata, 6196K rodata, 6784K init, 571K bss, 264972K reserved, 131072K cma-reserved)
[    1.891198] SLUB: HWalign=64, Order=0-3, MinObjects=0, CPUs=8, Nodes=1
[    1.891801] ftrace: allocating 57606 entries in 226 pages
[    1.962249] ftrace: allocated 226 pages with 4 groups
[    1.962922] rcu: Hierarchical RCU implementation.
[    1.963343] rcu: 	RCU event tracing is enabled.
[    1.963750] 	Rude variant of Tasks RCU enabled.
[    1.964156] rcu: RCU calculated value of scheduler-enlistment delay is 30 jiffies.
[    1.968791] NR_IRQS: 64, nr_irqs: 64, preallocated irqs: 0
[    1.971878] GICv3: GIC: Using split EOI/Deactivate mode
[    1.972348] GICv3: 480 SPIs implemented
[    1.972688] GICv3: 0 Extended SPIs implemented
[    1.973104] GICv3: Distributor has no Range Selector support
[    1.973615] GICv3: 16 PPIs implemented
[    1.973992] GICv3: CPU0: found redistributor 0 region 0:0x00000000fe680000
[    1.974689] ITS [mem 0xfe640000-0xfe65ffff]
[    1.975105] ITS@0x00000000fe640000: allocated 8192 Devices @1001f0000 (indirect, esz 8, psz 64K, shr 0)
[    1.975959] ITS@0x00000000fe640000: allocated 32768 Interrupt Collections @100200000 (flat, esz 2, psz 64K, shr 0)
[    1.976883] ITS: using cache flushing for cmd queue
[    1.977342] ITS [mem 0xfe660000-0xfe67ffff]
[    1.977753] ITS@0x00000000fe660000: allocated 8192 Devices @100220000 (indirect, esz 8, psz 64K, shr 0)
[    1.978610] ITS@0x00000000fe660000: allocated 32768 Interrupt Collections @100230000 (flat, esz 2, psz 64K, shr 0)
[    1.979537] ITS: using cache flushing for cmd queue
[    1.980186] GICv3: using LPI property table @0x0000000100240000
[    1.980825] GIC: using cache flushing for LPI property table
[    1.981334] GICv3: CPU0: using allocated LPI pending table @0x0000000100250000
[    2.088628] arch_timer: cp15 timer(s) running at 24.00MHz (phys).
[    2.089186] clocksource: arch_sys_counter: mask: 0xffffffffffffff max_cycles: 0x588fe9dc0, max_idle_ns: 440795202592 ns
[    2.090168] sched_clock: 56 bits at 24MHz, resolution 41ns, wraps every 4398046511097ns
[    2.092070] Console: colour dummy device 80x25
[    2.092498] Calibrating delay loop (skipped), value calculated using timer frequency.. 48.00 BogoMIPS (lpj=80000)
[    2.093434] pid_max: default: 32768 minimum: 301
[    2.093963] Mount-cache hash table entries: 16384 (order: 5, 131072 bytes, linear)
[    2.094669] Mountpoint-cache hash table entries: 16384 (order: 5, 131072 bytes, linear)
[    2.096561] rcu: Hierarchical SRCU implementation.
[    2.097668] Platform MSI: msi-controller@fe640000 domain created
[    2.098225] Platform MSI: msi-controller@fe660000 domain created
[    2.099110] PCI/MSI: /interrupt-controller@fe600000/msi-controller@fe640000 domain created
[    2.099872] PCI/MSI: /interrupt-controller@fe600000/msi-controller@fe660000 domain created
[    2.100799] EFI services will not be available.
[    2.101481] smp: Bringing up secondary CPUs ...
[    2.103005] Detected VIPT I-cache on CPU1
[    2.103030] GICv3: CPU1: found redistributor 100 region 0:0x00000000fe6a0000
[    2.103044] GICv3: CPU1: using allocated LPI pending table @0x0000000100260000
[    2.103081] CPU1: Booted secondary processor 0x0000000100 [0x412fd050]
[    2.104215] Detected VIPT I-cache on CPU2
[    2.104234] GICv3: CPU2: found redistributor 200 region 0:0x00000000fe6c0000
[    2.104247] GICv3: CPU2: using allocated LPI pending table @0x0000000100270000
[    2.104278] CPU2: Booted secondary processor 0x0000000200 [0x412fd050]
[    2.105389] Detected VIPT I-cache on CPU3
[    2.105405] GICv3: CPU3: found redistributor 300 region 0:0x00000000fe6e0000
[    2.105418] GICv3: CPU3: using allocated LPI pending table @0x0000000100280000
[    2.105449] CPU3: Booted secondary processor 0x0000000300 [0x412fd050]
[    2.106574] CPU features: detected: Spectre-v4
[    2.106577] CPU features: detected: Spectre-BHB
[    2.106579] Detected PIPT I-cache on CPU4
[    2.106589] GICv3: CPU4: found redistributor 400 region 0:0x00000000fe700000
[    2.106597] GICv3: CPU4: using allocated LPI pending table @0x0000000100290000
[    2.106617] CPU4: Booted secondary processor 0x0000000400 [0x414fd0b0]
[    2.107696] Detected PIPT I-cache on CPU5
[    2.107707] GICv3: CPU5: found redistributor 500 region 0:0x00000000fe720000
[    2.107715] GICv3: CPU5: using allocated LPI pending table @0x00000001002a0000
[    2.107736] CPU5: Booted secondary processor 0x0000000500 [0x414fd0b0]
[    2.108824] Detected PIPT I-cache on CPU6
[    2.108835] GICv3: CPU6: found redistributor 600 region 0:0x00000000fe740000
[    2.108842] GICv3: CPU6: using allocated LPI pending table @0x00000001002b0000
[    2.108863] CPU6: Booted secondary processor 0x0000000600 [0x414fd0b0]
[    2.109936] Detected PIPT I-cache on CPU7
[    2.109947] GICv3: CPU7: found redistributor 700 region 0:0x00000000fe760000
[    2.109955] GICv3: CPU7: using allocated LPI pending table @0x00000001002c0000
[    2.109976] CPU7: Booted secondary processor 0x0000000700 [0x414fd0b0]
[    2.110024] smp: Brought up 1 node, 8 CPUs
[    2.126912] SMP: Total of 8 processors activated.
[    2.127345] CPU features: detected: Privileged Access Never
[    2.127850] CPU features: detected: User Access Override
[    2.128332] CPU features: detected: 32-bit EL0 Support
[    2.128799] CPU features: detected: Common not Private translations
[    2.129367] CPU features: detected: RAS Extension Support
[    2.129858] CPU features: detected: Data cache clean to the PoU not required for I/D coherence
[    2.130638] CPU features: detected: CRC32 instructions
[    2.131110] CPU features: detected: Speculative Store Bypassing Safe (SSBS)
[    2.131742] CPU features: detected: RCpc load-acquire (LDAPR)
[    2.132324] CPU: All CPU(s) started at EL2
[    2.134070] devtmpfs: initialized
[    2.144935] Registered cp15_barrier emulation handler
[    2.145398] Registered setend emulation handler
[    2.145864] clocksource: jiffies: mask: 0xffffffff max_cycles: 0xffffffff, max_idle_ns: 6370867519511994 ns
[    2.146753] futex hash table entries: 2048 (order: 5, 131072 bytes, linear)
[    2.148398] pinctrl core: initialized pinctrl subsystem
[    2.149050] DMI not present or invalid.
[    2.149560] NET: Registered protocol family 16
[    2.150596] DMA: preallocated 1024 KiB GFP_KERNEL pool for atomic allocations
[    2.151315] DMA: preallocated 1024 KiB GFP_KERNEL|GFP_DMA pool for atomic allocations
[    2.152417] Registered FIQ tty driver
[    2.152841] thermal_sys: Registered thermal governor 'fair_share'
[    2.152842] thermal_sys: Registered thermal governor 'step_wise'
[    2.153393] thermal_sys: Registered thermal governor 'user_space'
[    2.153941] thermal_sys: Registered thermal governor 'power_allocator'
[    2.154691] cpuidle: using governor menu
[    2.155712] hw-breakpoint: found 6 breakpoint and 4 watchpoint registers.
[    2.156404] ASID allocator initialised with 65536 entries
[    2.158094] ramoops: dmesg-0	0x20000@0x0000000000110000
[    2.158576] ramoops: console	0x80000@0x0000000000130000
[    2.159056] ramoops: pmsg	0x50000@0x00000000001b0000
[    2.159706] printk: console [ramoops-1] enabled
[    2.160116] pstore: Registered ramoops as persistent store backend
[    2.160679] ramoops: using 0xf0000@0x110000, ecc: 0
[    2.194462] rockchip-gpio fd8a0000.gpio: probed /pinctrl/gpio@fd8a0000
[    2.195216] rockchip-gpio fec20000.gpio: probed /pinctrl/gpio@fec20000
[    2.195945] rockchip-gpio fec30000.gpio: probed /pinctrl/gpio@fec30000
[    2.196673] rockchip-gpio fec40000.gpio: probed /pinctrl/gpio@fec40000
[    2.197427] rockchip-gpio fec50000.gpio: probed /pinctrl/gpio@fec50000
[    2.198044] rockchip-pinctrl pinctrl: probed pinctrl
[    2.209582] fiq_debugger fiq_debugger.0: IRQ fiq not found
[    2.210084] fiq_debugger fiq_debugger.0: IRQ wakeup not found
[    2.210605] fiq_debugger_probe: could not install nmi irq handler
[    2.211195] printk: console [ttyFIQ0] enabled
[    2.211967] printk: bootconsole [uart8250] disabled
[    2.212473] Registered fiq debugger ttyFIQ0
[    2.212698] vcc5v0_sys: supplied by vcc12v_dcin
[    2.212778] vcc5v0_usbdcin: supplied by vcc12v_dcin
[    2.212850] vcc5v0_usb: supplied by vcc5v0_usbdcin
[    2.212986] vcc_1v1_nldo_s3: supplied by vcc5v0_sys
[    2.213098] vcc3v3_pcie30: supplied by vcc12v_dcin
[    2.213227] vbus5v0_typec: supplied by vcc5v0_usb
[    2.213332] vbus5v0_typec1: supplied by vcc5v0_usb
[    2.213600] iommu: Default domain type: Translated 
[    2.216500] SCSI subsystem initialized
[    2.216513] libata version 3.00 loaded.
[    2.216557] usbcore: registered new interface driver usbfs
[    2.216570] usbcore: registered new interface driver hub
[    2.216580] usbcore: registered new device driver usb
[    2.216605] mc: Linux media interface: v0.10
[    2.216613] videodev: Linux video capture interface: v2.00
[    2.216632] pps_core: LinuxPPS API ver. 1 registered
[    2.216635] pps_core: Software ver. 5.3.6 - Copyright 2005-2007 Rodolfo Giometti <giometti@linux.it>
[    2.216640] PTP clock support registered
[    2.216653] EDAC MC: Ver: 3.0.0
[    2.216887] arm-scmi firmware:scmi: SCMI Notifications - Core Enabled.
[    2.216916] arm-scmi firmware:scmi: SCMI Protocol v2.0 'rockchip:' Firmware version 0x0
[    2.217738] Advanced Linux Sound Architecture Driver Initialized.
[    2.217895] Bluetooth: Core ver 2.22
[    2.217904] NET: Registered protocol family 31
[    2.217907] Bluetooth: HCI device and connection manager initialized
[    2.217911] Bluetooth: HCI socket layer initialized
[    2.217915] Bluetooth: L2CAP socket layer initialized
[    2.217920] Bluetooth: SCO socket layer initialized
[    2.219171] rockchip-cpuinfo cpuinfo: SoC		: 35881000
[    2.219175] rockchip-cpuinfo cpuinfo: Serial		: 770657b44c23be5a
[    2.219377] clocksource: Switched to clocksource arch_sys_counter
[    2.461808] NET: Registered protocol family 2
[    2.461918] IP idents hash table entries: 131072 (order: 8, 1048576 bytes, linear)
[    2.463802] tcp_listen_portaddr_hash hash table entries: 4096 (order: 4, 65536 bytes, linear)
[    2.463868] TCP established hash table entries: 65536 (order: 7, 524288 bytes, linear)
[    2.464187] TCP bind hash table entries: 65536 (order: 8, 1048576 bytes, linear)
[    2.464810] TCP: Hash tables configured (established 65536 bind 65536)
[    2.464845] UDP hash table entries: 4096 (order: 5, 131072 bytes, linear)
[    2.464962] UDP-Lite hash table entries: 4096 (order: 5, 131072 bytes, linear)
[    2.465120] NET: Registered protocol family 1
[    2.465283] RPC: Registered named UNIX socket transport module.
[    2.465287] RPC: Registered udp transport module.
[    2.465289] RPC: Registered tcp transport module.
[    2.465292] RPC: Registered tcp NFSv4.1 backchannel transport module.
[    2.465588] PCI: CLS 0 bytes, default 64
[    2.466377] rockchip-thermal fec00000.tsadc: Missing rockchip,grf property
[    2.466747] rockchip-thermal fec00000.tsadc: tsadc is probed successfully!
[    2.467271] hw perfevents: enabled with armv8_pmuv3 PMU driver, 7 counters available
[    2.468923] Initialise system trusted keyrings
[    2.468969] workingset: timestamp_bits=62 max_order=21 bucket_order=0
[    2.470280] squashfs: version 4.0 (2009/01/31) Phillip Lougher
[    2.470438] NFS: Registering the id_resolver key type
[    2.470448] Key type id_resolver registered
[    2.470451] Key type id_legacy registered
[    2.470462] ntfs: driver 2.1.32 [Flags: R/O].
[    2.470518] jffs2: version 2.2. (NAND) © 2001-2006 Red Hat, Inc.
[    2.470608] fuse: init (API version 7.32)
[    2.470699] SGI XFS with security attributes, no debug enabled
[    2.490797] NET: Registered protocol family 38
[    2.490803] Key type asymmetric registered
[    2.490807] Asymmetric key parser 'x509' registered
[    2.490817] Block layer SCSI generic (bsg) driver version 0.4 loaded (major 242)
[    2.490821] io scheduler mq-deadline registered
[    2.490824] io scheduler kyber registered
[    2.491160] rockchip-csi2-dphy-hw fedc0000.csi2-dphy0-hw: csi2 dphy hw probe successfully!
[    2.491214] rockchip-csi2-dphy-hw fedc8000.csi2-dphy1-hw: csi2 dphy hw probe successfully!
[    2.497266] rockchip-hdptx-phy-hdmi fed60000.hdmiphy: hdptx phy init success
[    2.497796] rockchip-hdptx-phy-hdmi fed70000.hdmiphy: hdptx phy init success
[    2.499882] rk-pcie fe150000.pcie: invalid prsnt-gpios property in node
[    2.499945] rk-pcie fe170000.pcie: invalid prsnt-gpios property in node
[    2.499966] rk-pcie fe170000.pcie: no vpcie3v3 regulator found
[    2.500047] pwm-backlight backlight: supply power not found, using dummy regulator
[    2.500241] rk-pcie fe170000.pcie: IRQ msi not found
[    2.500242] iep: Module initialized.
[    2.500256] rk-pcie fe170000.pcie: use outband MSI support
[    2.500263] rk-pcie fe170000.pcie: Missing *config* reg space
[    2.500265] mpp_service mpp-srv: f421f8a9774d author: Yandong Lin 2023-09-21 video: rockchip: mpp: rkvenc2: fix slice mode poll failed
[    2.500268] mpp_service mpp-srv: probe start
[    2.500284] rk-pcie fe170000.pcie: host bridge /pcie@fe170000 ranges:
[    2.500305] rk-pcie fe170000.pcie:      err 0x00f2000000..0x00f20fffff -> 0x00f2000000
[    2.500319] rk-pcie fe170000.pcie:       IO 0x00f2100000..0x00f21fffff -> 0x00f2100000
[    2.500335] rk-pcie fe170000.pcie:      MEM 0x00f2200000..0x00f2ffffff -> 0x00f2200000
[    2.500345] rk-pcie fe170000.pcie:      MEM 0x0980000000..0x09bfffffff -> 0x0980000000
[    2.500380] rk-pcie fe170000.pcie: Missing *config* reg space
[    2.500408] rk-pcie fe170000.pcie: invalid resource
[    2.501031] mpp_vdpu1 fdb51000.avsd-plus: Adding to iommu group 1
[    2.501205] mpp_vdpu1 fdb51000.avsd-plus: probe device
[    2.501285] mpp_vdpu1 fdb51000.avsd-plus: reset_group->rw_sem_on=0
[    2.501291] mpp_vdpu1 fdb51000.avsd-plus: reset_group->rw_sem_on=0
[    2.501367] mpp_vdpu1 fdb51000.avsd-plus: probing finish
[    2.501606] mpp_vdpu2 fdb50400.vdpu: Adding to iommu group 1
[    2.501636] mpp_vdpu2 fdb50400.vdpu: probe device
[    2.501693] mpp_vdpu2 fdb50400.vdpu: reset_group->rw_sem_on=0
[    2.501697] mpp_vdpu2 fdb50400.vdpu: reset_group->rw_sem_on=0
[    2.501756] mpp_vdpu2 fdb50400.vdpu: probing finish
[    2.501867] mpp_vepu2 jpege-ccu: probing start
[    2.501871] mpp_vepu2 jpege-ccu: probing finish
[    2.501947] mpp_vepu2 fdb50000.vepu: Adding to iommu group 1
[    2.501975] mpp_vepu2 fdb50000.vepu: probing start
[    2.502031] mpp_vepu2 fdb50000.vepu: reset_group->rw_sem_on=0
[    2.502035] mpp_vepu2 fdb50000.vepu: reset_group->rw_sem_on=0
[    2.502090] mpp_vepu2 fdb50000.vepu: probing finish
[    2.502146] mpp_vepu2 fdba0000.jpege-core: Adding to iommu group 5
[    2.502207] mpp_vepu2 fdba0000.jpege-core: probing start
[    2.502277] mpp_vepu2 fdba0000.jpege-core: attach ccu success
[    2.502334] mpp_vepu2 fdba0000.jpege-core: probing finish
[    2.502381] mpp_vepu2 fdba4000.jpege-core: Adding to iommu group 6
[    2.502443] mpp_vepu2 fdba4000.jpege-core: probing start
[    2.502507] mpp_vepu2 fdba4000.jpege-core: attach ccu success
[    2.502560] mpp_vepu2 fdba4000.jpege-core: probing finish
[    2.502608] mpp_vepu2 fdba8000.jpege-core: Adding to iommu group 7
[    2.502671] mpp_vepu2 fdba8000.jpege-core: probing start
[    2.502742] mpp_vepu2 fdba8000.jpege-core: attach ccu success
[    2.502797] mpp_vepu2 fdba8000.jpege-core: probing finish
[    2.502845] mpp_vepu2 fdbac000.jpege-core: Adding to iommu group 8
[    2.502909] mpp_vepu2 fdbac000.jpege-core: probing start
[    2.502973] mpp_vepu2 fdbac000.jpege-core: attach ccu success
[    2.503027] mpp_vepu2 fdbac000.jpege-core: probing finish
[    2.503205] mpp-iep2 fdbb0000.iep: Adding to iommu group 9
[    2.503271] mpp-iep2 fdbb0000.iep: probe device
[    2.503352] mpp-iep2 fdbb0000.iep: allocate roi buffer failed
[    2.503402] mpp-iep2 fdbb0000.iep: probing finish
[    2.503532] mpp_jpgdec fdb90000.jpegd: Adding to iommu group 4
[    2.503655] mpp_jpgdec fdb90000.jpegd: probe device
[    2.503780] mpp_jpgdec fdb90000.jpegd: probing finish
[    2.504068] mpp_rkvdec2 fdc30000.rkvdec-ccu: rkvdec-ccu, probing start
[    2.504106] mpp_rkvdec2 fdc30000.rkvdec-ccu: ccu-mode: 1
[    2.504109] mpp_rkvdec2 fdc30000.rkvdec-ccu: probing finish
[    2.504160] mpp_rkvdec2 fdc38100.rkvdec-core: Adding to iommu group 12
[    2.504365] mpp_rkvdec2 fdc38100.rkvdec-core: rkvdec-core, probing start
[    2.504441] mpp_rkvdec2 fdc38100.rkvdec-core: shared_niu_a is not found!
[    2.504444] rkvdec2_init:1022: No niu aclk reset resource define
[    2.504448] mpp_rkvdec2 fdc38100.rkvdec-core: shared_niu_h is not found!
[    2.504451] rkvdec2_init:1025: No niu hclk reset resource define
[    2.504467] mpp_rkvdec2 fdc38100.rkvdec-core: no regulator, devfreq is disabled
[    2.504514] mpp_rkvdec2 fdc38100.rkvdec-core: core_mask=00010001
[    2.504517] mpp_rkvdec2 fdc38100.rkvdec-core: attach ccu as core 0
[    2.504651] mpp_rkvdec2 fdc38100.rkvdec-core: sram_start 0x00000000ff001000
[    2.504655] mpp_rkvdec2 fdc38100.rkvdec-core: rcb_iova 0x00000000fff00000
[    2.504658] mpp_rkvdec2 fdc38100.rkvdec-core: sram_size 491520
[    2.504661] mpp_rkvdec2 fdc38100.rkvdec-core: rcb_size 1048576
[    2.504665] mpp_rkvdec2 fdc38100.rkvdec-core: min_width 512
[    2.504669] mpp_rkvdec2 fdc38100.rkvdec-core: rcb_info_count 20
[    2.504673] mpp_rkvdec2 fdc38100.rkvdec-core: [136, 24576]
[    2.504676] mpp_rkvdec2 fdc38100.rkvdec-core: [137, 49152]
[    2.504679] mpp_rkvdec2 fdc38100.rkvdec-core: [141, 90112]
[    2.504682] mpp_rkvdec2 fdc38100.rkvdec-core: [140, 49152]
[    2.504685] mpp_rkvdec2 fdc38100.rkvdec-core: [139, 180224]
[    2.504688] mpp_rkvdec2 fdc38100.rkvdec-core: [133, 49152]
[    2.504691] mpp_rkvdec2 fdc38100.rkvdec-core: [134, 8192]
[    2.504694] mpp_rkvdec2 fdc38100.rkvdec-core: [135, 4352]
[    2.504697] mpp_rkvdec2 fdc38100.rkvdec-core: [138, 13056]
[    2.504700] mpp_rkvdec2 fdc38100.rkvdec-core: [142, 291584]
[    2.504720] mpp_rkvdec2 fdc38100.rkvdec-core: probing finish
[    2.504777] mpp_rkvdec2 fdc48100.rkvdec-core: Adding to iommu group 13
[    2.504965] mpp_rkvdec2 fdc48100.rkvdec-core: rkvdec-core, probing start
[    2.505040] mpp_rkvdec2 fdc48100.rkvdec-core: shared_niu_a is not found!
[    2.505044] rkvdec2_init:1022: No niu aclk reset resource define
[    2.505047] mpp_rkvdec2 fdc48100.rkvdec-core: shared_niu_h is not found!
[    2.505050] rkvdec2_init:1025: No niu hclk reset resource define
[    2.505063] mpp_rkvdec2 fdc48100.rkvdec-core: no regulator, devfreq is disabled
[    2.505096] mpp_rkvdec2 fdc48100.rkvdec-core: core_mask=00020002
[    2.505111] mpp_rkvdec2 fdc48100.rkvdec-core: attach ccu as core 1
[    2.505259] mpp_rkvdec2 fdc48100.rkvdec-core: sram_start 0x00000000ff079000
[    2.505263] mpp_rkvdec2 fdc48100.rkvdec-core: rcb_iova 0x00000000ffe00000
[    2.505266] mpp_rkvdec2 fdc48100.rkvdec-core: sram_size 487424
[    2.505269] mpp_rkvdec2 fdc48100.rkvdec-core: rcb_size 1048576
[    2.505273] mpp_rkvdec2 fdc48100.rkvdec-core: min_width 512
[    2.505277] mpp_rkvdec2 fdc48100.rkvdec-core: rcb_info_count 20
[    2.505280] mpp_rkvdec2 fdc48100.rkvdec-core: [136, 24576]
[    2.505283] mpp_rkvdec2 fdc48100.rkvdec-core: [137, 49152]
[    2.505286] mpp_rkvdec2 fdc48100.rkvdec-core: [141, 90112]
[    2.505289] mpp_rkvdec2 fdc48100.rkvdec-core: [140, 49152]
[    2.505292] mpp_rkvdec2 fdc48100.rkvdec-core: [139, 180224]
[    2.505295] mpp_rkvdec2 fdc48100.rkvdec-core: [133, 49152]
[    2.505298] mpp_rkvdec2 fdc48100.rkvdec-core: [134, 8192]
[    2.505301] mpp_rkvdec2 fdc48100.rkvdec-core: [135, 4352]
[    2.505304] mpp_rkvdec2 fdc48100.rkvdec-core: [138, 13056]
[    2.505307] mpp_rkvdec2 fdc48100.rkvdec-core: [142, 291584]
[    2.505328] mpp_rkvdec2 fdc48100.rkvdec-core: probing finish
[    2.505492] mpp_rkvenc2 rkvenc-ccu: probing start
[    2.505496] mpp_rkvenc2 rkvenc-ccu: probing finish
[    2.505924] mpp_av1dec: Adding child /av1d@fdc70000
[    2.506096] mpp_av1dec: register device av1d-master
[    2.506108] mpp_av1dec av1d-master: av1_iommu_of_xlate,784
[    2.506122] av1_iommu_probe_device,736, consumer : av1d-master, supplier : fdca0000.iommu
[    2.506127] mpp_av1dec av1d-master: Adding to iommu group 18
[    2.506317] mpp_av1dec av1d-master: probing start
[    2.506455] mpp_av1dec av1d-master: probing finish
[    2.506478] mpp_service mpp-srv: probe success
[    2.513333] dma-pl330 fea10000.dma-controller: Loaded driver for PL330 DMAC-241330
[    2.513339] dma-pl330 fea10000.dma-controller: 	DBUFF-128x8bytes Num_Chans-8 Num_Peri-32 Num_Events-16
[    2.513900] dma-pl330 fea30000.dma-controller: Loaded driver for PL330 DMAC-241330
[    2.513905] dma-pl330 fea30000.dma-controller: 	DBUFF-128x8bytes Num_Chans-8 Num_Peri-32 Num_Events-16
[    2.514482] dma-pl330 fed10000.dma-controller: Loaded driver for PL330 DMAC-241330
[    2.514487] dma-pl330 fed10000.dma-controller: 	DBUFF-128x8bytes Num_Chans-8 Num_Peri-32 Num_Events-16
[    2.514947] rockchip-pvtm fda40000.pvtm: pvtm@0 probed
[    2.514983] rockchip-pvtm fda50000.pvtm: pvtm@1 probed
[    2.515017] rockchip-pvtm fda60000.pvtm: pvtm@2 probed
[    2.515051] rockchip-pvtm fdaf0000.pvtm: pvtm@3 probed
[    2.515083] rockchip-pvtm fdb30000.pvtm: pvtm@4 probed
[    2.515481] rockchip-system-monitor rockchip-system-monitor: system monitor probe
[    2.516133] Serial: 8250/16550 driver, 10 ports, IRQ sharing disabled
[    2.516457] rk-pcie fe150000.pcie: IRQ msi not found
[    2.516469] rk-pcie fe150000.pcie: use outband MSI support
[    2.516479] rk-pcie fe150000.pcie: Missing *config* reg space
[    2.516496] rk-pcie fe150000.pcie: host bridge /pcie@fe150000 ranges:
[    2.516524] rk-pcie fe150000.pcie:      err 0x00f0000000..0x00f00fffff -> 0x00f0000000
[    2.516544] rk-pcie fe150000.pcie:       IO 0x00f0100000..0x00f01fffff -> 0x00f0100000
[    2.516563] rk-pcie fe150000.pcie:      MEM 0x00f0200000..0x00f0ffffff -> 0x00f0200000
[    2.516567] feb60000.serial: ttyS3 at MMIO 0xfeb60000 (irq = 109, base_baud = 1500000) is a 16550A
[    2.516585] rk-pcie fe150000.pcie:      MEM 0x0900000000..0x093fffffff -> 0x0900000000
[    2.516616] rk-pcie fe150000.pcie: Missing *config* reg space
[    2.516648] rk-pcie fe150000.pcie: invalid resource
[    2.517454] random: crng init done
[    2.518089] rockchip-vop2 fdd90000.vop: Adding to iommu group 17
[    2.524883] rockchip-vop2 fdd90000.vop: [drm:vop2_bind] vp0 assign plane mask: 0x5, primary plane phy id: 2
[    2.524891] rockchip-vop2 fdd90000.vop: [drm:vop2_bind] vp1 assign plane mask: 0xa, primary plane phy id: 3
[    2.524897] rockchip-vop2 fdd90000.vop: [drm:vop2_bind] vp2 assign plane mask: 0x140, primary plane phy id: 8
[    2.524902] rockchip-vop2 fdd90000.vop: [drm:vop2_bind] vp3 assign plane mask: 0x280, primary plane phy id: 9
[    2.525069] [drm] failed to init overlay plane Cluster0-win1
[    2.525093] [drm] failed to init overlay plane Cluster1-win1
[    2.525116] [drm] failed to init overlay plane Cluster2-win1
[    2.525138] [drm] failed to init overlay plane Cluster3-win1
[    2.532332] rockchip-drm display-subsystem: bound fdd90000.vop (ops 0xffffffc00932d4a0)
[    2.532651] dwhdmi-rockchip fde80000.hdmi: registered ddc I2C bus driver
[    2.532931] rockchip-drm display-subsystem: bound fde80000.hdmi (ops 0xffffffc00933c030)
[    2.533183] dwhdmi-rockchip fdea0000.hdmi: registered ddc I2C bus driver
[    2.533438] rockchip-drm display-subsystem: bound fdea0000.hdmi (ops 0xffffffc00933c030)
[    2.533472] dw-mipi-dsi2 fde20000.dsi: [drm:dw_mipi_dsi2_bind] *ERROR* Failed to find panel or bridge: -517
[    2.539931] brd: module loaded
[    2.542095] loop: module loaded
[    2.542222] zram: Added device: zram0
[    2.542317] lkdtm: No crash points registered, enable through debugfs
[    2.542517] system_heap: orders[0] = 6
[    2.542521] system_heap: orders[1] = 4
[    2.542524] system_heap: orders[2] = 0
[    2.543301] ahci fe210000.sata: supply ahci not found, using dummy regulator
[    2.543347] ahci fe210000.sata: supply phy not found, using dummy regulator
[    2.543387] ahci fe210000.sata: supply target not found, using dummy regulator
[    2.543442] ahci fe210000.sata: forcing port_map 0x0 -> 0x1
[    2.543460] ahci fe210000.sata: AHCI 0001.0300 32 slots 1 ports 6 Gbps 0x1 impl platform mode
[    2.543467] ahci fe210000.sata: flags: ncq sntf pm led clo only pmp fbs pio slum part ccc apst 
[    2.543474] ahci fe210000.sata: port 0 can do FBS, forcing FBSCP
[    2.543930] scsi host0: ahci
[    2.544021] ata1: SATA max UDMA/133 mmio [mem 0xfe210000-0xfe210fff] port 0x100 irq 93
[    2.544826] rockchip-spi feb20000.spi: no high_speed pinctrl state
[    2.545801] rk806 spi2.0: chip id: RK806,ver:0x2, 0x1
[    2.545999] rk806 spi2.0: ON: 0x40 OFF:0x0
[    2.547358] vdd_gpu_s0: supplied by vcc5v0_sys
[    2.548305] vdd_cpu_lit_s0: supplied by vcc5v0_sys
[    2.548836] vdd_log_s0: supplied by vcc5v0_sys
[    2.549308] vdd_vdenc_s0: supplied by vcc5v0_sys
[    2.549840] vdd_ddr_s0: supplied by vcc5v0_sys
[    2.550144] vdd2_ddr_s3: supplied by vcc5v0_sys
[    2.550618] vdd_2v0_pldo_s3: supplied by vcc5v0_sys
[    2.551041] vcc_3v3_s3: supplied by vcc5v0_sys
[    2.551444] vddq_ddr_s0: supplied by vcc5v0_sys
[    2.551922] vcc_1v8_s3: supplied by vcc5v0_sys
[    2.552412] vdd_0v75_s3: supplied by vcc_1v1_nldo_s3
[    2.552901] vdd_ddr_pll_s0: supplied by vcc_1v1_nldo_s3
[    2.553317] avdd_0v75_s0: supplied by vcc_1v1_nldo_s3
[    2.553731] vdd_0v85_s0: supplied by vcc_1v1_nldo_s3
[    2.554143] vdd_0v75_s0: supplied by vcc_1v1_nldo_s3
[    2.554635] avcc_1v8_s0: supplied by vdd_2v0_pldo_s3
[    2.555163] vcc_1v8_s0: supplied by vdd_2v0_pldo_s3
[    2.555628] avdd_1v2_s0: supplied by vdd_2v0_pldo_s3
[    2.556098] vcc_3v3_s0: supplied by vcc5v0_sys
[    2.556515] vccio_sd_s0: supplied by vcc5v0_sys
[    2.556937] pldo6_s3: supplied by vcc5v0_sys
[    2.557122] rk806 spi2.0: no sleep-setting state
[    2.557127] rk806 spi2.0: no reset-setting pinctrl state
[    2.557130] rk806 spi2.0: no dvs-setting pinctrl state
[    2.558335] rockchip-spi feb20000.spi: probed, poll=0, rsd=0, cs-inactive=0, ready=0
[    2.558977] CAN device driver interface
[    2.560156] rk_gmac-dwmac fe1b0000.ethernet: IRQ eth_lpi not found
[    2.560363] rk_gmac-dwmac fe1b0000.ethernet: no regulator found
[    2.560369] rk_gmac-dwmac fe1b0000.ethernet: clock input or output? (output).
[    2.560373] rk_gmac-dwmac fe1b0000.ethernet: TX delay(0x43).
[    2.560378] rk_gmac-dwmac fe1b0000.ethernet: Can not read property: rx_delay.
[    2.560382] rk_gmac-dwmac fe1b0000.ethernet: set rx_delay to 0xffffffff
[    2.560397] rk_gmac-dwmac fe1b0000.ethernet: integrated PHY? (no).
[    2.560401] rk_gmac-dwmac fe1b0000.ethernet: cannot get clock mac_clk_rx
[    2.560406] rk_gmac-dwmac fe1b0000.ethernet: cannot get clock mac_clk_tx
[    2.560415] rk_gmac-dwmac fe1b0000.ethernet: cannot get clock clk_mac_speed
[    2.560630] rk_gmac-dwmac fe1b0000.ethernet: init for RGMII_RXID
[    2.560686] rk_gmac-dwmac fe1b0000.ethernet: User ID: 0x30, Synopsys ID: 0x51
[    2.560691] rk_gmac-dwmac fe1b0000.ethernet: 	DWMAC4/5
[    2.560696] rk_gmac-dwmac fe1b0000.ethernet: DMA HW capability register supported
[    2.560700] rk_gmac-dwmac fe1b0000.ethernet: RX Checksum Offload Engine supported
[    2.560704] rk_gmac-dwmac fe1b0000.ethernet: TX Checksum insertion supported
[    2.560708] rk_gmac-dwmac fe1b0000.ethernet: Wake-Up On Lan supported
[    2.560730] rk_gmac-dwmac fe1b0000.ethernet: TSO supported
[    2.560734] rk_gmac-dwmac fe1b0000.ethernet: Enable RX Mitigation via HW Watchdog Timer
[    2.560739] rk_gmac-dwmac fe1b0000.ethernet: Enabled Flow TC (entries=2)
[    2.560742] rk_gmac-dwmac fe1b0000.ethernet: TSO feature enabled
[    2.560747] rk_gmac-dwmac fe1b0000.ethernet: Using 32 bits DMA width
[    2.693875] rk_gmac-dwmac fe1c0000.ethernet: IRQ eth_lpi not found
[    2.694080] rk_gmac-dwmac fe1c0000.ethernet: no regulator found
[    2.694086] rk_gmac-dwmac fe1c0000.ethernet: clock input or output? (output).
[    2.694090] rk_gmac-dwmac fe1c0000.ethernet: TX delay(0x43).
[    2.694094] rk_gmac-dwmac fe1c0000.ethernet: Can not read property: rx_delay.
[    2.694098] rk_gmac-dwmac fe1c0000.ethernet: set rx_delay to 0xffffffff
[    2.694104] rk_gmac-dwmac fe1c0000.ethernet: integrated PHY? (no).
[    2.694109] rk_gmac-dwmac fe1c0000.ethernet: cannot get clock mac_clk_rx
[    2.694114] rk_gmac-dwmac fe1c0000.ethernet: cannot get clock mac_clk_tx
[    2.694123] rk_gmac-dwmac fe1c0000.ethernet: cannot get clock clk_mac_speed
[    2.694337] rk_gmac-dwmac fe1c0000.ethernet: init for RGMII_RXID
[    2.694392] rk_gmac-dwmac fe1c0000.ethernet: User ID: 0x30, Synopsys ID: 0x51
[    2.694397] rk_gmac-dwmac fe1c0000.ethernet: 	DWMAC4/5
[    2.694402] rk_gmac-dwmac fe1c0000.ethernet: DMA HW capability register supported
[    2.694405] rk_gmac-dwmac fe1c0000.ethernet: RX Checksum Offload Engine supported
[    2.694409] rk_gmac-dwmac fe1c0000.ethernet: TX Checksum insertion supported
[    2.694412] rk_gmac-dwmac fe1c0000.ethernet: Wake-Up On Lan supported
[    2.694435] rk_gmac-dwmac fe1c0000.ethernet: TSO supported
[    2.694439] rk_gmac-dwmac fe1c0000.ethernet: Enable RX Mitigation via HW Watchdog Timer
[    2.694443] rk_gmac-dwmac fe1c0000.ethernet: Enabled Flow TC (entries=2)
[    2.694447] rk_gmac-dwmac fe1c0000.ethernet: TSO feature enabled
[    2.694451] rk_gmac-dwmac fe1c0000.ethernet: Using 32 bits DMA width
[    2.707184] rk-pcie fe170000.pcie: PCIe Linking... LTSSM is 0x3
[    2.723846] rk-pcie fe150000.pcie: PCIe Linking... LTSSM is 0x0
[    2.732734] rk-pcie fe170000.pcie: PCIe Linking... LTSSM is 0x3
[    2.749398] rk-pcie fe150000.pcie: PCIe Linking... LTSSM is 0x0
[    2.759398] rk-pcie fe170000.pcie: PCIe Linking... LTSSM is 0x3
[    2.776064] rk-pcie fe150000.pcie: PCIe Linking... LTSSM is 0x0
[    2.786064] rk-pcie fe170000.pcie: PCIe Linking... LTSSM is 0x3
[    2.802730] rk-pcie fe150000.pcie: PCIe Linking... LTSSM is 0x1
[    2.812730] rk-pcie fe170000.pcie: PCIe Linking... LTSSM is 0x3
[    2.827155] PPP generic driver version 2.4.2
[    2.827234] PPP BSD Compression module registered
[    2.827237] PPP Deflate Compression module registered
[    2.827249] PPP MPPE Compression module registered
[    2.827253] NET: Registered protocol family 24
[    2.827287] usbcore: registered new interface driver rtl8150
[    2.827300] usbcore: registered new interface driver r8152
[    2.827313] usbcore: registered new interface driver asix
[    2.827323] usbcore: registered new interface driver ax88179_178a
[    2.827335] usbcore: registered new interface driver cdc_ether
[    2.827346] usbcore: registered new interface driver cdc_eem
[    2.827356] usbcore: registered new interface driver net1080
[    2.827368] usbcore: registered new interface driver rndis_host
[    2.827378] usbcore: registered new interface driver cdc_subset
[    2.827389] usbcore: registered new interface driver zaurus
[    2.827402] usbcore: registered new interface driver cdc_ncm
[    2.827416] usbcore: registered new interface driver qmi_wwan_q
[    2.827426] usbcore: registered new interface driver qmi_wwan
[    2.827437] usbcore: registered new interface driver cdc_mbim
[    2.829401] rk-pcie fe150000.pcie: PCIe Linking... LTSSM is 0x1
[    2.841654] ehci_hcd: USB 2.0 'Enhanced' Host Controller (EHCI) Driver
[    2.841664] ehci-pci: EHCI PCI platform driver
[    2.841688] ehci-platform: EHCI generic platform driver
[    2.843874] ehci-platform fc800000.usb: EHCI Host Controller
[    2.843943] ehci-platform fc800000.usb: new USB bus registered, assigned bus number 1
[    2.843990] ehci-platform fc800000.usb: irq 20, io mem 0xfc800000
[    2.855676] ata1: SATA link down (SStatus 0 SControl 300)
[    2.856051] ehci-platform fc800000.usb: USB 2.0 started, EHCI 1.00
[    2.856109] usb usb1: New USB device found, idVendor=1d6b, idProduct=0002, bcdDevice= 5.10
[    2.856113] usb usb1: New USB device strings: Mfr=3, Product=2, SerialNumber=1
[    2.856117] usb usb1: Product: EHCI Host Controller
[    2.856121] usb usb1: Manufacturer: Linux 5.10.160 ehci_hcd
[    2.856125] usb usb1: SerialNumber: fc800000.usb
[    2.856318] hub 1-0:1.0: USB hub found
[    2.856329] hub 1-0:1.0: 1 port detected
[    2.858580] ehci-platform fc880000.usb: EHCI Host Controller
[    2.858650] ehci-platform fc880000.usb: new USB bus registered, assigned bus number 2
[    2.858693] ehci-platform fc880000.usb: irq 22, io mem 0xfc880000
[    2.869383] ehci-platform fc880000.usb: USB 2.0 started, EHCI 1.00
[    2.869431] usb usb2: New USB device found, idVendor=1d6b, idProduct=0002, bcdDevice= 5.10
[    2.869435] usb usb2: New USB device strings: Mfr=3, Product=2, SerialNumber=1
[    2.869439] usb usb2: Product: EHCI Host Controller
[    2.869443] usb usb2: Manufacturer: Linux 5.10.160 ehci_hcd
[    2.869446] usb usb2: SerialNumber: fc880000.usb
[    2.869599] hub 2-0:1.0: USB hub found
[    2.869609] hub 2-0:1.0: 1 port detected
[    2.869874] ohci_hcd: USB 1.1 'Open' Host Controller (OHCI) Driver
[    2.869881] ohci-platform: OHCI generic platform driver
[    2.869989] ohci-platform fc840000.usb: Generic Platform OHCI controller
[    2.870053] ohci-platform fc840000.usb: new USB bus registered, assigned bus number 3
[    2.870084] ohci-platform fc840000.usb: irq 21, io mem 0xfc840000
[    2.930097] usb usb3: New USB device found, idVendor=1d6b, idProduct=0001, bcdDevice= 5.10
[    2.930103] usb usb3: New USB device strings: Mfr=3, Product=2, SerialNumber=1
[    2.930107] usb usb3: Product: Generic Platform OHCI controller
[    2.930111] usb usb3: Manufacturer: Linux 5.10.160 ohci_hcd
[    2.930114] usb usb3: SerialNumber: fc840000.usb
[    2.930266] hub 3-0:1.0: USB hub found
[    2.930276] hub 3-0:1.0: 1 port detected
[    2.930440] ohci-platform fc8c0000.usb: Generic Platform OHCI controller
[    2.930499] ohci-platform fc8c0000.usb: new USB bus registered, assigned bus number 4
[    2.930529] ohci-platform fc8c0000.usb: irq 23, io mem 0xfc8c0000
[    2.990097] usb usb4: New USB device found, idVendor=1d6b, idProduct=0001, bcdDevice= 5.10
[    2.990103] usb usb4: New USB device strings: Mfr=3, Product=2, SerialNumber=1
[    2.990107] usb usb4: Product: Generic Platform OHCI controller
[    2.990111] usb usb4: Manufacturer: Linux 5.10.160 ohci_hcd
[    2.990115] usb usb4: SerialNumber: fc8c0000.usb
[    2.990264] hub 4-0:1.0: USB hub found
[    2.990274] hub 4-0:1.0: 1 port detected
[    2.990662] xhci-hcd xhci-hcd.5.auto: xHCI Host Controller
[    2.990724] xhci-hcd xhci-hcd.5.auto: new USB bus registered, assigned bus number 5
[    2.990786] xhci-hcd xhci-hcd.5.auto: hcc params 0x0220fe64 hci version 0x110 quirks 0x0000200002010010
[    2.990802] xhci-hcd xhci-hcd.5.auto: irq 160, io mem 0xfcd00000
[    2.990885] usb usb5: New USB device found, idVendor=1d6b, idProduct=0002, bcdDevice= 5.10
[    2.990889] usb usb5: New USB device strings: Mfr=3, Product=2, SerialNumber=1
[    2.990893] usb usb5: Product: xHCI Host Controller
[    2.990897] usb usb5: Manufacturer: Linux 5.10.160 xhci-hcd
[    2.990900] usb usb5: SerialNumber: xhci-hcd.5.auto
[    2.991044] hub 5-0:1.0: USB hub found
[    2.991054] hub 5-0:1.0: 1 port detected
[    2.991135] xhci-hcd xhci-hcd.5.auto: xHCI Host Controller
[    2.991189] xhci-hcd xhci-hcd.5.auto: new USB bus registered, assigned bus number 6
[    2.991195] xhci-hcd xhci-hcd.5.auto: Host supports USB 3.0 SuperSpeed
[    2.991213] usb usb6: We don't know the algorithms for LPM for this host, disabling LPM.
[    2.991240] usb usb6: New USB device found, idVendor=1d6b, idProduct=0003, bcdDevice= 5.10
[    2.991244] usb usb6: New USB device strings: Mfr=3, Product=2, SerialNumber=1
[    2.991248] usb usb6: Product: xHCI Host Controller
[    2.991252] usb usb6: Manufacturer: Linux 5.10.160 xhci-hcd
[    2.991255] usb usb6: SerialNumber: xhci-hcd.5.auto
[    2.991392] hub 6-0:1.0: USB hub found
[    2.991401] hub 6-0:1.0: 1 port detected
[    2.991522] usbcore: registered new interface driver cdc_acm
[    2.991525] cdc_acm: USB Abstract Control Model driver for USB modems and ISDN adapters
[    2.991538] usbcore: registered new interface driver cdc_wdm
[    2.991605] usbcore: registered new interface driver uas
[    2.991640] usbcore: registered new interface driver usb-storage
[    2.991666] usbcore: registered new interface driver usbserial_generic
[    2.991676] usbserial: USB Serial support registered for generic
[    2.991690] usbcore: registered new interface driver cp210x
[    2.991697] usbserial: USB Serial support registered for cp210x
[    2.991719] usbcore: registered new interface driver ftdi_sio
[    2.991726] usbserial: USB Serial support registered for FTDI USB Serial Device
[    2.991780] usbcore: registered new interface driver keyspan
[    2.991788] usbserial: USB Serial support registered for Keyspan - (without firmware)
[    2.991795] usbserial: USB Serial support registered for Keyspan 1 port adapter
[    2.991801] usbserial: USB Serial support registered for Keyspan 2 port adapter
[    2.991808] usbserial: USB Serial support registered for Keyspan 4 port adapter
[    2.991823] usbcore: registered new interface driver option
[    2.991830] usbserial: USB Serial support registered for GSM modem (1-port)
[    2.991908] usbcore: registered new interface driver oti6858
[    2.991914] usbserial: USB Serial support registered for oti6858
[    2.991927] usbcore: registered new interface driver pl2303
[    2.991934] usbserial: USB Serial support registered for pl2303
[    2.991951] usbcore: registered new interface driver qcserial
[    2.991958] usbserial: USB Serial support registered for Qualcomm USB modem
[    2.991978] usbcore: registered new interface driver sierra
[    2.991986] usbserial: USB Serial support registered for Sierra USB modem
[    2.992394] usbcore: registered new interface driver usbtouchscreen
[    2.993242] input: rk805 pwrkey as /devices/platform/feb20000.spi/spi_master/spi2/spi2.0/rk805-pwrkey.3.auto/input/input0
[    2.993408] i2c /dev entries driver
[    2.996797] vdd_cpu_big0_s0: supplied by vcc5v0_sys
[    3.005173] vdd_cpu_big1_s0: supplied by vcc5v0_sys
[    3.013932] vdd_npu_s0: supplied by vcc5v0_sys
[    3.020647] gsensor_sh3001 4-0036: sensor_register_device: sh3001_acc, id = 38
[    3.020654] i2c i2c-4: sensor_probe: sh3001_acc,00000000f33993d0
[    3.021148] gsensor_sh3001 4-0036: sensor_chip_init:sh3001_acc:devid=0x61,ops=0x000000002de656d4
[    3.106059] usb 1-1: new high-speed USB device number 2 using ehci-platform
[    3.119401] usb 2-1: new high-speed USB device number 2 using ehci-platform
[    3.253651] usb 1-1: New USB device found, idVendor=0bda, idProduct=b733, bcdDevice= 0.00
[    3.253669] usb 1-1: New USB device strings: Mfr=1, Product=2, SerialNumber=3
[    3.253678] usb 1-1: Product: 802.11n  WLAN Adapter
[    3.253687] usb 1-1: Manufacturer: Realtek
[    3.253695] usb 1-1: SerialNumber: 4CA38F7E7E92
[    3.266728] usb 2-1: New USB device found, idVendor=1a86, idProduct=8091, bcdDevice=13.10
[    3.266746] usb 2-1: New USB device strings: Mfr=0, Product=2, SerialNumber=0
[    3.266755] usb 2-1: Product: USB HUB
[    3.267214] hub 2-1:1.0: USB hub found
[    3.267358] hub 2-1:1.0: 4 ports detected
[    3.685577] gsensor_sh3001 4-0036: New Version SH3001.
[    3.685582] gsensor_sh3001 4-0036: Sensor initialization succeeded!
[    3.685633] input: gsensor as /devices/platform/feac0000.i2c/i2c-4/4-0036/input/input1
[    3.685693] gsensor_sh3001 4-0036: sensor_irq_init:use polling,delay=30 ms
[    3.685742] gsensor_sh3001 4-0036: sensor_misc_device_register:miscdevice: mma8452_daemon
[    3.685746] gsensor_sh3001 4-0036: sensor_probe:initialized ok,sensor name:sh3001_acc,type:2,id=38
[    3.685746] 
[    3.685766] i2c i2c-4: 1 i2c clients have been registered at 0x36
[    3.697054] goodix_ts_probe() start
[    3.830108] <<-GTP-ERROR->> I2C Read: 0x8047, 1 bytes failed, errcode: -6! Process reset.
[    3.926057] <<-GTP-ERROR->> GTP i2c test failed time 1.
[    3.943444] <<-GTP-ERROR->> I2C Read: 0x8047, 1 bytes failed, errcode: -6! Process reset.
[    4.039392] <<-GTP-ERROR->> GTP i2c test failed time 2.
[    4.056777] <<-GTP-ERROR->> I2C Read: 0x8047, 1 bytes failed, errcode: -6! Process reset.
[    4.152726] <<-GTP-ERROR->> GTP i2c test failed time 3.
[    4.170111] <<-GTP-ERROR->> I2C Read: 0x8047, 1 bytes failed, errcode: -6! Process reset.
[    4.266059] <<-GTP-ERROR->> GTP i2c test failed time 4.
[    4.283444] <<-GTP-ERROR->> I2C Read: 0x8047, 1 bytes failed, errcode: -6! Process reset.
[    4.379390] <<-GTP-ERROR->> GTP i2c test failed time 5.
[    4.396059] <goodix_ts_probe>_2804    I2C communication ERROR!
[    4.396073]    <goodix_ts_probe>_2881  prob error !!!!!!!!!!!!!!!
[    4.421720] rtc-pcf8563 6-0051: low voltage detected, date/time is not reliable.
[    4.421801] rtc-pcf8563 6-0051: registered as rtc0
[    4.427573] rtc-pcf8563 6-0051: low voltage detected, date/time is not reliable.
[    4.427578] rtc-pcf8563 6-0051: hctosys: unable to read the hardware clock
[    4.432191] rkcifhw fdce0000.rkcif: Adding to iommu group 16
[    4.433357] rkcifhw fdce0000.rkcif: No reserved memory region assign to CIF
[    4.433510] rkcif rkcif-mipi-lvds: Adding to iommu group 16
[    4.433537] rkcif rkcif-mipi-lvds: rkcif driver version: v00.02.00
[    4.433632] rkcif rkcif-mipi-lvds: attach to cif hw node
[    4.433642] rkcif rkcif-mipi-lvds: rkcif wait line 0
[    4.433652] : terminal subdev does not exist
[    4.433660] : terminal subdev does not exist
[    4.433667] : terminal subdev does not exist
[    4.433674] : terminal subdev does not exist
[    4.433682] : get_remote_sensor: video pad[0] is null
[    4.433690] : rkcif_update_sensor_info: stream[0] get remote sensor_sd failed!
[    4.433699] : rkcif_scale_set_fmt: req(80, 60) src out(0, 0)
[    4.433707] : get_remote_sensor: video pad[0] is null
[    4.433713] : rkcif_update_sensor_info: stream[0] get remote sensor_sd failed!
[    4.433721] : rkcif_scale_set_fmt: req(80, 60) src out(0, 0)
[    4.433728] : get_remote_sensor: video pad[0] is null
[    4.433735] : rkcif_update_sensor_info: stream[0] get remote sensor_sd failed!
[    4.433742] : rkcif_scale_set_fmt: req(80, 60) src out(0, 0)
[    4.433749] : get_remote_sensor: video pad[0] is null
[    4.433755] : rkcif_update_sensor_info: stream[0] get remote sensor_sd failed!
[    4.433763] : rkcif_scale_set_fmt: req(80, 60) src out(0, 0)
[    4.435027] rkcif rkcif-mipi-lvds: No memory-region-thunderboot specified
[    4.435088] rkcif rkcif-mipi-lvds2: Adding to iommu group 16
[    4.435099] rkcif rkcif-mipi-lvds2: rkcif driver version: v00.02.00
[    4.435131] rkcif rkcif-mipi-lvds2: attach to cif hw node
[    4.435135] rkcif rkcif-mipi-lvds2: rkcif wait line 0
[    4.435139] : terminal subdev does not exist
[    4.435143] : terminal subdev does not exist
[    4.435146] : terminal subdev does not exist
[    4.435149] : terminal subdev does not exist
[    4.435153] : get_remote_sensor: video pad[0] is null
[    4.435157] : rkcif_update_sensor_info: stream[0] get remote sensor_sd failed!
[    4.435162] : rkcif_scale_set_fmt: req(80, 60) src out(0, 0)
[    4.435165] : get_remote_sensor: video pad[0] is null
[    4.435168] : rkcif_update_sensor_info: stream[0] get remote sensor_sd failed!
[    4.435172] : rkcif_scale_set_fmt: req(80, 60) src out(0, 0)
[    4.435175] : get_remote_sensor: video pad[0] is null
[    4.435179] : rkcif_update_sensor_info: stream[0] get remote sensor_sd failed!
[    4.435182] : rkcif_scale_set_fmt: req(80, 60) src out(0, 0)
[    4.435186] : get_remote_sensor: video pad[0] is null
[    4.435188] : rkcif_update_sensor_info: stream[0] get remote sensor_sd failed!
[    4.435192] : rkcif_scale_set_fmt: req(80, 60) src out(0, 0)
[    4.435803] rkcif rkcif-mipi-lvds2: No memory-region-thunderboot specified
[    4.436502] rockchip-mipi-csi2-hw fdd10000.mipi0-csi2-hw: enter mipi csi2 hw probe!
[    4.436566] rockchip-mipi-csi2-hw fdd10000.mipi0-csi2-hw: probe success, v4l2_dev:mipi0-csi2-hw!
[    4.436591] rockchip-mipi-csi2-hw fdd20000.mipi1-csi2-hw: enter mipi csi2 hw probe!
[    4.436630] rockchip-mipi-csi2-hw fdd20000.mipi1-csi2-hw: probe success, v4l2_dev:mipi1-csi2-hw!
[    4.436651] rockchip-mipi-csi2-hw fdd30000.mipi2-csi2-hw: enter mipi csi2 hw probe!
[    4.436688] rockchip-mipi-csi2-hw fdd30000.mipi2-csi2-hw: probe success, v4l2_dev:mipi2-csi2-hw!
[    4.436709] rockchip-mipi-csi2-hw fdd40000.mipi3-csi2-hw: enter mipi csi2 hw probe!
[    4.436745] rockchip-mipi-csi2-hw fdd40000.mipi3-csi2-hw: probe success, v4l2_dev:mipi3-csi2-hw!
[    4.436767] rockchip-mipi-csi2-hw fdd50000.mipi4-csi2-hw: enter mipi csi2 hw probe!
[    4.436806] rockchip-mipi-csi2-hw fdd50000.mipi4-csi2-hw: probe success, v4l2_dev:mipi4-csi2-hw!
[    4.436826] rockchip-mipi-csi2-hw fdd60000.mipi5-csi2-hw: enter mipi csi2 hw probe!
[    4.436862] rockchip-mipi-csi2-hw fdd60000.mipi5-csi2-hw: probe success, v4l2_dev:mipi5-csi2-hw!
[    4.437215] rockchip-mipi-csi2 mipi0-csi2: attach to csi2 hw node
[    4.437233] rkcif rkcif-mipi-lvds: Entity type for entity rockchip-mipi-csi2 was not initialized!
[    4.437239] rockchip-mipi-csi2: Async registered subdev
[    4.437243] rockchip-mipi-csi2: probe success, v4l2_dev:rkcif-mipi-lvds!
[    4.437347] rockchip-mipi-csi2 mipi2-csi2: attach to csi2 hw node
[    4.437361] rkcif rkcif-mipi-lvds2: Entity type for entity rockchip-mipi-csi2 was not initialized!
[    4.437366] rockchip-mipi-csi2: Async registered subdev
[    4.437369] rockchip-mipi-csi2: probe success, v4l2_dev:rkcif-mipi-lvds2!
[    4.438035] rkisp_hw fdcb0000.rkisp: Adding to iommu group 14
[    4.438176] rkisp_hw fdcb0000.rkisp: is_thunderboot: 0
[    4.438181] rkisp_hw fdcb0000.rkisp: Missing rockchip,grf property
[    4.438196] rkisp_hw fdcb0000.rkisp: max input:0x0@0fps
[    4.438250] rkisp_hw fdcb0000.rkisp: no find phandle sram
[    4.438336] rkisp_hw fdcc0000.rkisp: Adding to iommu group 15
[    4.438508] rkisp_hw fdcc0000.rkisp: is_thunderboot: 0
[    4.438513] rkisp_hw fdcc0000.rkisp: Missing rockchip,grf property
[    4.438524] rkisp_hw fdcc0000.rkisp: max input:0x0@0fps
[    4.438574] rkisp_hw fdcc0000.rkisp: no find phandle sram
[    4.438779] rkisp rkisp0-vir0: rkisp driver version: v02.03.00
[    4.438836] rkisp rkisp0-vir0: No memory-region-thunderboot specified
[    4.438896] rkisp rkisp0-vir0: Entity type for entity rkisp-isp-subdev was not initialized!
[    4.439384] rkisp rkisp1-vir0: rkisp driver version: v02.03.00
[    4.439439] rkisp rkisp1-vir0: No memory-region-thunderboot specified
[    4.439489] rkisp rkisp1-vir0: Entity type for entity rkisp-isp-subdev was not initialized!
[    4.440647] rk_hdmirx fdee0000.hdmirx-controller: No reserved memory for HDMIRX, use default CMA
[    4.440669] rk_hdmirx fdee0000.hdmirx-controller: hdmirx_probe: cpu_aff:0x400, Bound_cpu:4, wdt_cfg_bound_cpu:5
[    4.441150] rk_hdmirx fdee0000.hdmirx-controller: hdmirx_audio_interrupts_setup: 0
[    4.441724] rk_hdmirx fdee0000.hdmirx-controller: rk_hdmirx_hdcp_register success
[    4.441742] rk_hdmirx fdee0000.hdmirx-controller: fdee0000.hdmirx-controller driver probe ok!
[    4.441827] usbcore: registered new interface driver uvcvideo
[    4.441831] USB Video Class driver (1.1.1)
[    4.442699] usbcore: registered new interface driver bfusb
[    4.443446] cpu cpu0: bin=0
[    4.443617] cpu cpu0: leakage=12
[    4.445013] cpu cpu0: pvtm=1486
[    4.445117] cpu cpu0: pvtm-volt-sel=4
[    4.446965] cpu cpu4: bin=0
[    4.447134] cpu cpu4: leakage=9
[    4.453574] cpu cpu4: pvtm=1722
[    4.457465] cpu cpu4: pvtm-volt-sel=5
[    4.460072] cpu cpu6: bin=0
[    4.460240] cpu cpu6: leakage=9
[    4.466690] cpu cpu6: pvtm=1731
[    4.470592] cpu cpu6: pvtm-volt-sel=5
[    4.472338] cpu cpu0: avs=0
[    4.473349] cpu cpu4: avs=0
[    4.474182] cpu cpu6: avs=0
[    4.474304] cpu cpu0: EM: OPP:816000 is inefficient
[    4.474306] cpu cpu0: EM: OPP:600000 is inefficient
[    4.474367] cpu cpu0: EM: created perf domain
[    4.474397] cpu cpu0: l=10000 h=85000 hyst=5000 l_limit=0 h_limit=1608000000 h_table=0
[    4.474825] cpu cpu4: EM: OPP:816000 is inefficient
[    4.474827] cpu cpu4: EM: OPP:600000 is inefficient
[    4.474902] cpu cpu4: EM: created perf domain
[    4.474926] cpu cpu4: l=10000 h=85000 hyst=5000 l_limit=0 h_limit=2208000000 h_table=0
[    4.483031] cpu cpu6: EM: OPP:816000 is inefficient
[    4.483034] cpu cpu6: EM: OPP:600000 is inefficient
[    4.483129] cpu cpu6: EM: created perf domain
[    4.483438] cpu cpu6: l=10000 h=85000 hyst=5000 l_limit=0 h_limit=2208000000 h_table=0
[    4.499045] sdhci: Secure Digital Host Controller Interface driver
[    4.499074] sdhci: Copyright(c) Pierre Ossman
[    4.499081] Synopsys Designware Multimedia Card Interface Driver
[    4.499910] sdhci-pltfm: SDHCI platform and OF driver helper
[    4.500325] dwmmc_rockchip fe2c0000.mmc: No normal pinctrl state
[    4.500335] dwmmc_rockchip fe2c0000.mmc: No idle pinctrl state
[    4.500481] dwmmc_rockchip fe2c0000.mmc: IDMAC supports 32-bit address mode.
[    4.500503] dwmmc_rockchip fe2c0000.mmc: Using internal DMA controller.
[    4.500514] dwmmc_rockchip fe2c0000.mmc: Version ID is 270a
[    4.500548] dwmmc_rockchip fe2c0000.mmc: DW MMC controller at irq 94,32 bit host data width,256 deep fifo
[    4.501703] arm-scmi firmware:scmi: Failed. SCMI protocol 17 not active.
[    4.501761] SMCCC: SOC_ID: ARCH_SOC_ID not implemented, skipping ....
[    4.502694] cryptodev: driver 1.12 loaded.
[    4.502748] hid: raw HID events driver (C) Jiri Kosina
[    4.502816] dwmmc_rockchip fe2c0000.mmc: Failed getting OCR mask: -22
[    4.503110] usbcore: registered new interface driver usbhid
[    4.503118] usbhid: USB HID core driver
[    4.506950] dwmmc_rockchip fe2c0000.mmc: could not set regulator OCR (-22)
[    4.506967] dwmmc_rockchip fe2c0000.mmc: failed to enable vmmc regulator
[    4.523432] optee: probing for conduit method.
[    4.523454] optee: revision 3.13 (185dc3c9)
[    4.523774] optee: dynamic shared memory is enabled
[    4.523891] optee: initialized driver
[    4.524414] usbcore: registered new interface driver snd-usb-audio
[    4.527924] rockchip-i2s-tdm fddf0000.i2s: CLK-ALWAYS-ON: mclk: 12288000, bclk: 3072000, fsync: 48000
[    4.531177] mmc_host mmc1: Bus speed (slot 0) = 400000Hz (slot req 400000Hz, actual 400000HZ div = 0)
[    4.531730] rockchip-i2s-tdm fddf4000.i2s: CLK-ALWAYS-ON: mclk: 12288000, bclk: 3072000, fsync: 48000
[    4.532829] mmc0: SDHCI controller on fe2e0000.mmc [fe2e0000.mmc] using ADMA
[    4.534076] debugfs: File 'Capture' in directory 'dapm' already present!
[    4.534771] input: rockchip-dp0 rockchip-dp0 as /devices/platform/dp0-sound/sound/card0/input2
[    4.535145] debugfs: File 'Capture' in directory 'dapm' already present!
[    4.535664] input: rockchip-dp1 rockchip-dp1 as /devices/platform/dp1-sound/sound/card1/input3
[    4.536180] debugfs: File 'Capture' in directory 'dapm' already present!
[    4.547893] input: rockchip,hdmiin rockchip,hdmiin as /devices/platform/hdmiin-sound/sound/card2/input4
[    4.548958] input: headset-keys as /devices/platform/es8388-sound/input/input5
[    4.561809] ES8323 7-0011: ASoC: error at soc_component_write_no_lock on ES8323.7-0011: -5
[    4.566871] mmc0: Host Software Queue enabled
[    4.566904] mmc0: new HS400 Enhanced strobe MMC card at address 0001
[    4.567407] mmcblk0: mmc0:0001 C9A611 58.3 GiB 
[    4.567559] mmcblk0boot0: mmc0:0001 C9A611 partition 1 4.00 MiB
[    4.567704] mmcblk0boot1: mmc0:0001 C9A611 partition 2 4.00 MiB
[    4.567828] mmcblk0rpmb: mmc0:0001 C9A611 partition 3 16.0 MiB, chardev (236:0)
[    4.569948]  mmcblk0: p1 p2 p3 p4 p5 p6 p7 p8
[    4.611009] input: rockchip-es8388 Headset as /devices/platform/es8388-sound/sound/card3/input6
[    4.611922] Initializing XFRM netlink socket
[    4.612244] NET: Registered protocol family 10
[    4.612920] Segment Routing with IPv6
[    4.612963] NET: Registered protocol family 17
[    4.612979] NET: Registered protocol family 15
[    4.612985] can: controller area network core
[    4.613018] NET: Registered protocol family 29
[    4.613025] can: raw protocol
[    4.613032] can: broadcast manager protocol
[    4.613045] can: netlink gateway - max_hops=1
[    4.613308] Bluetooth: RFCOMM TTY layer initialized
[    4.613323] Bluetooth: RFCOMM socket layer initialized
[    4.613337] Bluetooth: RFCOMM ver 1.11
[    4.613348] Bluetooth: HIDP (Human Interface Emulation) ver 1.2
[    4.613357] Bluetooth: HIDP socket layer initialized
[    4.613388] [BT_RFKILL]: Enter rfkill_rk_init
[    4.613394] [WLAN_RFKILL]: Enter rfkill_wlan_init
[    4.613862] [WLAN_RFKILL]: Enter rfkill_wlan_probe
[    4.613888] [WLAN_RFKILL]: can't find rockchip,grf property
[    4.613895] [WLAN_RFKILL]: wlan_platdata_parse_dt: wifi_chip_type = rtl8733bu
[    4.613901] [WLAN_RFKILL]: wlan_platdata_parse_dt: enable wifi power control.
[    4.613907] [WLAN_RFKILL]: wlan_platdata_parse_dt: wifi power controled by gpio.
[    4.613931] [WLAN_RFKILL]: wlan_platdata_parse_dt: The ref_wifi_clk not found !
[    4.613937] [WLAN_RFKILL]: rfkill_wlan_probe: init gpio
[    4.613944] [WLAN_RFKILL]: rfkill_set_wifi_bt_power: 1
[    4.613950] [WLAN_RFKILL]: Exit rfkill_wlan_probe
[    4.614215] [BT_RFKILL]: bluetooth_platdata_parse_dt: uart_rts_gpios is no-in-use.
[    4.614241] [BT_RFKILL]: bluetooth_platdata_parse_dt: clk_get failed!!!.
[    4.614332] [BT_RFKILL]: bt_default device registered.
[    4.614415] Key type dns_resolver registered
[    4.614962] gyro_sh3001 4-0036-1: sensor_register_device: sh3001_gyro, id = 65
[    4.614973] i2c i2c-4: sensor_probe: sh3001_gyro,00000000cf971010
[    4.615458] gyro_sh3001 4-0036-1: sensor_chip_init:sh3001_gyro:devid=0x61,ops=0x00000000b2df77eb
[    4.615554] input: gyro as /devices/platform/feac0000.i2c/i2c-4/4-0036-1/input/input7
[    4.615651] gyro_sh3001 4-0036-1: sensor_irq_init:use polling,delay=30 ms
[    4.615734] gyro_sh3001 4-0036-1: sensor_misc_device_register:miscdevice: gyrosensor
[    4.615743] gyro_sh3001 4-0036-1: sensor_probe:initialized ok,sensor name:sh3001_gyro,type:4,id=65
[    4.615743] 
[    4.616349] vendor storage:20190527 ret = 0
[    4.616362] imx415 3-001a: driver version: 00.01.08
[    4.616377] imx415 3-001a:  Get hdr mode failed! no hdr default
[    4.616421] imx415 3-001a: could not get default pinstate
[    4.616428] imx415 3-001a: could not get sleep pinstate
[    4.620364] imx415 3-001a: supply dvdd not found, using dummy regulator
[    4.620449] imx415 3-001a: supply dovdd not found, using dummy regulator
[    4.623147] imx415 3-001a: supply avdd not found, using dummy regulator
[    4.693493] imx415 3-001a: Unexpected sensor id(000000), ret(-5)
[    4.694242] imx415 7-001a: driver version: 00.01.08
[    4.694303] imx415 7-001a:  Get hdr mode failed! no hdr default
[    4.694380] imx415 7-001a: could not get default pinstate
[    4.694394] imx415 7-001a: could not get sleep pinstate
[    4.694432] imx415 7-001a: supply dvdd not found, using dummy regulator
[    4.694605] imx415 7-001a: supply dovdd not found, using dummy regulator
[    4.694683] imx415 7-001a: supply avdd not found, using dummy regulator
[    4.763805] imx415 7-001a: Unexpected sensor id(000000), ret(-5)
[    4.765402] Loading compiled-in X.509 certificates
[    4.767578] pstore: Using crash dump compression: deflate
[    4.768278] rga3_core0 fdb60000.rga: Adding to iommu group 2
[    4.768899] rga: rga3_core0, irq = 36, match scheduler
[    4.769844] rga: rga3_core0 hardware loaded successfully, hw_version:3.0.76831.
[    4.769958] rga: rga3_core0 probe successfully
[    4.770341] rga3_core1 fdb70000.rga: Adding to iommu group 3
[    4.770539] rga: rga3_core1, irq = 37, match scheduler
[    4.770895] rga: rga3_core1 hardware loaded successfully, hw_version:3.0.76831.
[    4.770945] rga: rga3_core1 probe successfully
[    4.771389] rga: rga2, irq = 38, match scheduler
[    4.771703] rga: rga2 hardware loaded successfully, hw_version:3.2.63318.
[    4.771764] rga: rga2 probe successfully
[    4.772024] rga_iommu: IOMMU binding successfully, default mapping core[0x1]
[    4.772178] rga: Module initialized. v1.3.1
[    4.794319] pcie20_avdd0v85: supplied by vdd_0v85_s0
[    4.794567] mali fb000000.gpu: Kernel DDK version g18p0-01eac0
[    4.794685] pcie20_avdd1v8: supplied by avcc_1v8_s0
[    4.797133] pcie30_avdd0v75: supplied by avdd_0v75_s0
[    4.797249] mali fb000000.gpu: bin=0
[    4.797423] mali fb000000.gpu: leakage=19
[    4.806134] debugfs: Directory 'fb000000.gpu-mali' with parent 'vdd_gpu_s0' already present!
[    4.806436] pcie30_avdd1v8: supplied by avcc_1v8_s0
[    4.816868] mpp_rkvenc2 fdbd0000.rkvenc-core: Adding to iommu group 10
[    4.817213] mpp_rkvenc2 fdbd0000.rkvenc-core: probing start
[    4.817789] mali fb000000.gpu: pvtm=897
[    4.825754] mali fb000000.gpu: pvtm-volt-sel=4
[    4.826968] mali fb000000.gpu: avs=0
[    4.827030] W : [File] : drivers/gpu/arm/bifrost/platform/rk/mali_kbase_config_rk.c; [Line] : 143; [Func] : kbase_platform_rk_init(); power-off-delay-ms not available.
[    4.835943] mpp_rkvenc2 fdbd0000.rkvenc-core: bin=0
[    4.836112] mali fb000000.gpu: r0p0 status 5 not found in HW issues table;
[    4.836123] mali fb000000.gpu: falling back to closest match: r0p0 status 0
[    4.836130] mali fb000000.gpu: Execution proceeding normally with fallback match
[    4.836139] mali fb000000.gpu: GPU identified as 0x7 arch 10.8.6 r0p0 status 0
[    4.836182] mpp_rkvenc2 fdbd0000.rkvenc-core: leakage=16
[    4.836184] mali fb000000.gpu: No priority control manager is configured
[    4.836212] mpp_rkvenc2 fdbd0000.rkvenc-core: leakage-volt-sel=1
[    4.836383] mali fb000000.gpu: No memory group manager is configured
[    4.836410] mali fb000000.gpu: Protected memory allocator not available
[    4.836842] mpp_rkvenc2 fdbd0000.rkvenc-core: avs=0
[    4.836870] mpp_rkvenc2 fdbd0000.rkvenc-core: l=-2147483648 h=2147483647 hyst=0 l_limit=0 h_limit=0 h_table=0
[    4.837263] mali fb000000.gpu: Capping CSF_FIRMWARE_TIMEOUT to CSF_FIRMWARE_PING_TIMEOUT
[    4.837634] mpp_rkvenc2 fdbd0000.rkvenc-core: attach ccu as core 0
[    4.837789] mali fb000000.gpu: l=10000 h=85000 hyst=5000 l_limit=0 h_limit=800000000 h_table=0
[    4.837950] mpp_rkvenc2 fdbd0000.rkvenc-core: probing finish
[    4.838166] mpp_rkvenc2 fdbe0000.rkvenc-core: Adding to iommu group 11
[    4.838494] mpp_rkvenc2 fdbe0000.rkvenc-core: probing start
[    4.838701] mali fb000000.gpu: Probed as mali0
[    4.843765] mpp_rkvenc2 fdbe0000.rkvenc-core: bin=0
[    4.843949] mpp_rkvenc2 fdbe0000.rkvenc-core: leakage=16
[    4.843961] mpp_rkvenc2 fdbe0000.rkvenc-core: leakage-volt-sel=1
[    4.844563] mpp_rkvenc2 fdbe0000.rkvenc-core: avs=0
[    4.844588] mpp_rkvenc2 fdbe0000.rkvenc-core: l=-2147483648 h=2147483647 hyst=0 l_limit=0 h_limit=0 h_table=0
[    4.847487] mpp_rkvenc2 fdbe0000.rkvenc-core: attach ccu as core 1
[    4.847857] mpp_rkvenc2 fdbe0000.rkvenc-core: probing finish
[    4.849579] rockchip-dmc dmc: bin=0
[    4.849758] rockchip-dmc dmc: leakage=40
[    4.849771] rockchip-dmc dmc: leakage-volt-sel=1
[    4.849785] rockchip-dmc dmc: soc version=0, speed=1
[    4.850625] rockchip-dmc dmc: avs=0
[    4.850642] rockchip-dmc dmc: current ATF version 0x100
[    4.850835] rockchip-dmc dmc: normal_rate = 1068000000
[    4.850844] rockchip-dmc dmc: reboot_rate = 1560000000
[    4.850851] rockchip-dmc dmc: suspend_rate = 528000000
[    4.850859] rockchip-dmc dmc: video_4k_rate = 1068000000
[    4.850866] rockchip-dmc dmc: video_4k_10b_rate = 1068000000
[    4.850874] rockchip-dmc dmc: video_svep_rate = 1068000000
[    4.850881] rockchip-dmc dmc: boost_rate = 1560000000
[    4.850888] rockchip-dmc dmc: fixed_rate(isp|cif0|cif1|dualview) = 1560000000
[    4.850895] rockchip-dmc dmc: performance_rate = 1560000000
[    4.850903] rockchip-dmc dmc: hdmirx_rate = 1560000000
[    4.850913] rockchip-dmc dmc: failed to get vop bandwidth to dmc rate
[    4.850919] rockchip-dmc dmc: failed to get vop pn to msch rl
[    4.851030] rockchip-dmc dmc: l=10000 h=2147483647 hyst=5000 l_limit=0 h_limit=0 h_table=0
[    4.851933] rockchip-dmc dmc: could not find power_model node
[    4.860287] rockchip-csi2-dphy csi2-dcphy0: csi2 dphy0 probe successfully!
[    4.860634] rockchip-csi2-dphy csi2-dphy0: csi2 dphy0 probe successfully!
[    4.866449] rockchip-vop2 fdd90000.vop: [drm:vop2_bind] vp0 assign plane mask: 0x5, primary plane phy id: 2
[    4.866482] rockchip-vop2 fdd90000.vop: [drm:vop2_bind] vp1 assign plane mask: 0xa, primary plane phy id: 3
[    4.866494] rockchip-vop2 fdd90000.vop: [drm:vop2_bind] vp2 assign plane mask: 0x140, primary plane phy id: 8
[    4.866505] rockchip-vop2 fdd90000.vop: [drm:vop2_bind] vp3 assign plane mask: 0x280, primary plane phy id: 9
[    4.866880] [drm] failed to init overlay plane Cluster0-win1
[    4.866929] [drm] failed to init overlay plane Cluster1-win1
[    4.866973] [drm] failed to init overlay plane Cluster2-win1
[    4.867018] [drm] failed to init overlay plane Cluster3-win1
[    4.888364] rockchip-drm display-subsystem: bound fdd90000.vop (ops 0xffffffc00932d4a0)
[    4.889872] dwhdmi-rockchip fde80000.hdmi: registered ddc I2C bus driver
[    4.891172] dw-hdmi-qp-hdcp dw-hdmi-qp-hdcp.9.auto: dw_hdcp_qp_hdcp_probe success
[    4.891265] rockchip-drm display-subsystem: bound fde80000.hdmi (ops 0xffffffc00933c030)
[    4.892503] dwhdmi-rockchip fdea0000.hdmi: registered ddc I2C bus driver
[    4.893638] dw-hdmi-qp-hdcp dw-hdmi-qp-hdcp.12.auto: dw_hdcp_qp_hdcp_probe success
[    4.893708] rockchip-drm display-subsystem: bound fdea0000.hdmi (ops 0xffffffc00933c030)
[    4.893775] rockchip-drm display-subsystem: bound fde20000.dsi (ops 0xffffffc00933e848)
[    4.893858] rockchip-drm display-subsystem: bound fde50000.dp (ops 0xffffffc00933ebd8)
[    4.893923] rockchip-drm display-subsystem: bound fde60000.dp (ops 0xffffffc00933ebd8)
[    4.897195] rockchip-drm display-subsystem: route-hdmi0: failed to get logo,offset
[    4.897205] rockchip-drm display-subsystem: route-hdmi1: failed to get logo,offset
[    4.919226] rockchip-drm display-subsystem: [drm] fb0: rockchipdrmfb frame buffer device
[    4.920249] [drm] Initialized rockchip 3.0.0 20140818 for display-subsystem on minor 0
[    4.920620] input: adc-keys as /devices/platform/adc-keys/input/input8
[    4.922478] input: rockchip-hdmi0 rockchip-hdmi0 as /devices/platform/hdmi0-sound/sound/card4/input9
[    4.923689] input: rockchip-hdmi1 rockchip-hdmi1 as /devices/platform/hdmi1-sound/sound/card5/input10
[    4.925502] [4g_modem]: modem_platdata_parse_dt: LTE modem power controlled by gpio.
[    5.236954] [4g_modem]: modem_poweron_off: 4g modem power up.
[    5.237749] rkcif rkcif-mipi-lvds: clear unready subdev num: 1
[    5.238479] rkcif-mipi-lvds: rkcif_update_sensor_info: stream[0] get remote terminal sensor failed!
[    5.238541] rkcif-mipi-lvds: Async subdev notifier completed
[    5.238567] rkcif-mipi-lvds: rkcif_update_sensor_info: stream[0] get remote terminal sensor failed!
[    5.238576] rkcif-mipi-lvds: There is not terminal subdev, not synchronized with ISP
[    5.238591] rkcif rkcif-mipi-lvds2: clear unready subdev num: 1
[    5.239074] rkcif-mipi-lvds2: rkcif_update_sensor_info: stream[0] get remote terminal sensor failed!
[    5.239113] rkcif-mipi-lvds2: Async subdev notifier completed
[    5.239138] rkcif-mipi-lvds2: rkcif_update_sensor_info: stream[0] get remote terminal sensor failed!
[    5.239148] rkcif-mipi-lvds2: There is not terminal subdev, not synchronized with ISP
[    5.239187] rkcif-mipi-lvds2: rkcif_update_sensor_info: stream[0] get remote terminal sensor failed!
[    5.239202] rkcif-mipi-lvds2: There is not terminal subdev, not synchronized with ISP
[    5.239236] rkcif-mipi-lvds: rkcif_update_sensor_info: stream[0] get remote terminal sensor failed!
[    5.239250] rkcif-mipi-lvds: There is not terminal subdev, not synchronized with ISP
[    5.241045] RKNPU fdab0000.npu: Adding to iommu group 0
[    5.241285] RKNPU fdab0000.npu: RKNPU: rknpu iommu is enabled, using iommu mode
[    5.242836] RKNPU fdab0000.npu: can't request region for resource [mem 0xfdab0000-0xfdabffff]
[    5.242872] RKNPU fdab0000.npu: can't request region for resource [mem 0xfdac0000-0xfdacffff]
[    5.242896] RKNPU fdab0000.npu: can't request region for resource [mem 0xfdad0000-0xfdadffff]
[    5.243644] [drm] Initialized rknpu 0.9.2 20231018 for fdab0000.npu on minor 1
[    5.248414] RKNPU fdab0000.npu: RKNPU: bin=0
[    5.248643] RKNPU fdab0000.npu: leakage=10
[    5.248786] debugfs: Directory 'fdab0000.npu-rknpu' with parent 'vdd_npu_s0' already present!
[    5.257835] RKNPU fdab0000.npu: pvtm=903
[    5.264200] RKNPU fdab0000.npu: pvtm-volt-sel=4
[    5.266868] RKNPU fdab0000.npu: avs=0
[    5.267341] RKNPU fdab0000.npu: l=10000 h=85000 hyst=5000 l_limit=0 h_limit=800000000 h_table=0
[    5.278575] RKNPU fdab0000.npu: failed to find power_model node
[    5.278667] RKNPU fdab0000.npu: RKNPU: failed to initialize power model
[    5.278692] RKNPU fdab0000.npu: RKNPU: failed to get dynamic-coefficient
[    5.279870] cfg80211: Loading compiled-in X.509 certificates for regulatory database
[    5.282290] cfg80211: Loaded X.509 cert 'sforshee: 00b28ddf47aef9cea7'
[    5.283046] platform regulatory.0: Direct firmware load for regulatory.db failed with error -2
[    5.283059] cfg80211: failed to load regulatory.db
[    5.284125] rockchip-pm rockchip-suspend: not set pwm-regulator-config
[    5.284843] rockchip-suspend not set sleep-mode-config for mem-lite
[    5.284852] rockchip-suspend not set wakeup-config for mem-lite
[    5.284861] rockchip-suspend not set sleep-mode-config for mem-ultra
[    5.284868] rockchip-suspend not set wakeup-config for mem-ultra
[    5.285879] I : [File] : drivers/gpu/arm/mali400/mali/linux/mali_kernel_linux.c; [Line] : 406; [Func] : mali_module_init(); svn_rev_string_from_arm of this mali_ko is '', rk_ko_ver is '5', built at '14:44:03', on 'Oct 21 2025'.
[    5.286243] Mali: 
[    5.286246] Mali device driver loaded
[    5.286264] rkisp rkisp0-vir0: clear unready subdev num: 1
[    5.286453] rkisp0-vir0: Async subdev notifier completed
[    5.286465] rkisp rkisp1-vir0: clear unready subdev num: 1
[    5.286630] rkisp1-vir0: Async subdev notifier completed
[    5.286644] ALSA device list:
[    5.286653]   #0: rockchip-dp0
[    5.286660]   #1: rockchip-dp1
[    5.286666]   #2: rockchip,hdmiin
[    5.286672]   #3: rockchip-es8388
[    5.286679]   #4: rockchip-hdmi0
[    5.286686]   #5: rockchip-hdmi1
[    5.328738] EXT4-fs (mmcblk0p6): recovery complete
[    5.328985] EXT4-fs (mmcblk0p6): mounted filesystem with ordered data mode. Opts: (null)
[    5.329056] VFS: Mounted root (ext4 filesystem) on device 179:6.
[    5.329411] devtmpfs: mounted
[    5.334234] Freeing unused kernel memory: 6784K
[    5.353076] Run /sbin/init as init process
[    5.353112]   with arguments:
[    5.353116]     /sbin/init
[    5.353120]   with environment:
[    5.353123]     HOME=/
[    5.353127]     TERM=linux
[    5.353131]     storagemedia=emmc
[    5.379412] rk-pcie fe170000.pcie: PCIe Link Fail
[    5.379445] rk-pcie fe170000.pcie: failed to initialize host
[    5.390654] EXT4-fs (mmcblk0p6): re-mounted. Opts: (null)
[    5.396059] rk-pcie fe150000.pcie: PCIe Link Fail
[    5.396078] rk-pcie fe150000.pcie: failed to initialize host
[    5.465238] EXT4-fs (mmcblk0p7): recovery complete
[    5.465583] EXT4-fs (mmcblk0p7): mounted filesystem with ordered data mode. Opts: (null)
[    5.534401] EXT4-fs (mmcblk0p8): recovery complete
[    5.535055] EXT4-fs (mmcblk0p8): mounted filesystem with ordered data mode. Opts: (null)
[    5.775351] EXT4-fs (mmcblk0p7): mounted filesystem with ordered data mode. Opts: (null)
[    5.917730] EXT4-fs (mmcblk0p8): mounted filesystem with ordered data mode. Opts: (null)
[    6.047563] udevd[498]: starting version 3.2.10
[    6.056072] udevd[499]: starting eudev-3.2.10
[    6.177396] rkcif-mipi-lvds: rkcif_update_sensor_info: stream[2] get remote terminal sensor failed!
[    6.177417] rkcif_tools_id2: update sensor info failed -19
[    6.178037] rkcif-mipi-lvds: rkcif_update_sensor_info: stream[2] get remote terminal sensor failed!
[    6.178049] stream_cif_mipi_id2: update sensor info failed -19
[    6.179026] rkcif-mipi-lvds: rkcif_update_sensor_info: stream[1] get remote terminal sensor failed!
[    6.179037] stream_cif_mipi_id1: update sensor info failed -19
[    6.179703] rkcif-mipi-lvds: rkcif_update_sensor_info: stream[3] get remote terminal sensor failed!
[    6.179710] stream_cif_mipi_id3: update sensor info failed -19
[    6.182174] rkcif-mipi-lvds: rkcif_update_sensor_info: stream[1] get remote terminal sensor failed!
[    6.182191] rkcif-mipi-lvds: rkcif_update_sensor_info: stream[3] get remote terminal sensor failed!
[    6.182196] rkcif_scale_ch3: update sensor info failed -19
[    6.182200] rkcif_scale_ch1: update sensor info failed -19
[    6.182298] rkcif-mipi-lvds: rkcif_update_sensor_info: stream[0] get remote terminal sensor failed!
[    6.182309] rkcif_scale_ch0: update sensor info failed -19
[    6.184699] rkcif-mipi-lvds: rkcif_update_sensor_info: stream[2] get remote terminal sensor failed!
[    6.184715] rkcif_scale_ch2: update sensor info failed -19
[    6.185135] rkcif-mipi-lvds2: rkcif_update_sensor_info: stream[0] get remote terminal sensor failed!
[    6.185145] stream_cif_mipi_id0: update sensor info failed -19
[    6.185767] rkcif-mipi-lvds: rkcif_update_sensor_info: stream[0] get remote terminal sensor failed!
[    6.185792] rkcif_tools_id0: update sensor info failed -19
[    6.186151] rkcif-mipi-lvds2: rkcif_update_sensor_info: stream[1] get remote terminal sensor failed!
[    6.186166] stream_cif_mipi_id1: update sensor info failed -19
[    6.186177] rkcif-mipi-lvds: rkcif_update_sensor_info: stream[1] get remote terminal sensor failed!
[    6.186186] rkcif_tools_id1: update sensor info failed -19
[    6.187666] rkcif-mipi-lvds2: rkcif_update_sensor_info: stream[2] get remote terminal sensor failed!
[    6.187684] stream_cif_mipi_id2: update sensor info failed -19
[    6.187723] rkcif-mipi-lvds2: rkcif_update_sensor_info: stream[0] get remote terminal sensor failed!
[    6.187731] rkcif_scale_ch0: update sensor info failed -19
[    6.189273] rkcif-mipi-lvds2: rkcif_update_sensor_info: stream[3] get remote terminal sensor failed!
[    6.189307] stream_cif_mipi_id3: update sensor info failed -19
[    6.190323] rkcif-mipi-lvds2: rkcif_update_sensor_info: stream[2] get remote terminal sensor failed!
[    6.190358] rkcif_scale_ch2: update sensor info failed -19
[    6.190841] rkcif-mipi-lvds2: rkcif_update_sensor_info: stream[1] get remote terminal sensor failed!
[    6.190857] rkcif_scale_ch1: update sensor info failed -19
[    6.191079] rkcif-mipi-lvds2: rkcif_update_sensor_info: stream[0] get remote terminal sensor failed!
[    6.191089] rkcif_tools_id0: update sensor info failed -19
[    6.191754] rkcif-mipi-lvds2: rkcif_update_sensor_info: stream[3] get remote terminal sensor failed!
[    6.191769] rkcif_scale_ch3: update sensor info failed -19
[    6.192126] rkcif-mipi-lvds2: rkcif_update_sensor_info: stream[2] get remote terminal sensor failed!
[    6.192133] rkcif_tools_id2: update sensor info failed -19
[    6.195220] rkcif-mipi-lvds: rkcif_update_sensor_info: stream[0] get remote terminal sensor failed!
[    6.195257] stream_cif_mipi_id0: update sensor info failed -19
[    6.198128] rkcif-mipi-lvds2: rkcif_update_sensor_info: stream[1] get remote terminal sensor failed!
[    6.198165] rkcif_tools_id1: update sensor info failed -19
[    6.637216] rk_hdmirx fdee0000.hdmirx-controller: hdmirx_cancel_cpu_limit_freq freq qos nod add
[    7.378484] rtk_btusb: loading out-of-tree module taints kernel.
[    7.380105] rtk_btusb: Realtek Bluetooth USB driver ver 3.1.e98eee4.20231103-131404
[    7.380112] rtk_btcoex: rtk_btcoex_init: version: 1.2
[    7.380114] rtk_btcoex: create workqueue
[    7.380686] rtk_btcoex: alloc buffers 1792, 2432 for ev and l2
[    7.380797] rtk_btusb: btusb_probe intf->cur_altsetting->desc.bInterfaceNumber 0
[    7.380812] rtk_btusb: btusb_probe can_wakeup 0, may wakeup 0
[    7.380814] rtk_btusb: patch_add
[    7.380815] rtk_btusb: auto suspend is disabled
[    7.380818] rtk_btusb: pid = 0xb733
[    7.380820] rtk_btusb: patch_add: Reset gEVersion to 0xff
[    7.381010] rtk_btusb: btusb_probe: done
[    7.381046] usbcore: registered new interface driver rtk_btusb
[    7.381149] rtk_btusb: btusb_open start
[    7.381154] rtk_btusb: btusb_open hdev->promisc ==0
[    7.381167] rtk_btusb: download_patch start
[    7.381172] rtk_btusb: chip type value: 0x76
[    7.382154] rtk_btusb: chip_type->status = 0x0, chip_type->chip = 0xbeef
[    7.382158] rtk_btusb: HCI reset.
[    7.394167] rtk_btusb: read_ver_rsp->lmp_subver = 0x8723
[    7.394179] rtk_btusb: read_ver_rsp->hci_rev = 0xf
[    7.394182] rtk_btusb: patch_entry->lmp_sub = 0x8723
[    7.394186] rtk_btusb: load_firmware start
[    7.394188] rtk_btusb: lmp_version = 0x8723
[    7.394192] rtk_btusb: config filename rtl8733bu_config
[    7.395647] rtk_btusb: no bdaddr file /opt/bdaddr
[    7.395678] rtk_btusb: Origin cfg len 14
[    7.395685] rtk_btusb: 55 ab 23 87 08 00 8d 00 01 fa 8f 00 01 bf
[    7.395692] rtk_btusb: New cfg len 14
[    7.395698] rtk_btusb: 55 ab 23 87 08 00 8d 00 01 fa 8f 00 01 bf
[    7.395708] rtk_btusb: fw name is  rtl8733bu_fw
[    7.396421] rtk_btusb: This is not 8723a, use new patch style!
[    7.396432] rtk_btusb: rtk_get_eversion: gEVersion 255
[    7.397034] rtk_btusb: eversion->status = 0x0, eversion->version = 0x2
[    7.397039] rtk_btusb: load_firmware: New gEVersion 2
[    7.397043] rtk_btusb: rtk_get_fw_project_id: opcode 0, len 1, data 19
[    7.397046] rtk_btusb: lmp_version is 8723, project_id is 19, match!
[    7.397049] rtk_btusb: fw_version = 0xd8c76fec
[    7.397051] rtk_btusb: number_of_total_patch = 2
[    7.397053] rtk_btusb: chipID 3
[    7.397055] rtk_btusb: patch_length 0xa73d
[    7.397057] rtk_btusb: start_offset 0x00003040
[    7.397059] rtk_btusb: Svn version: 1756454059
[    7.397061] rtk_btusb: Coexistence: BTCOEX_20230616-0e0e
[    7.397063] rtk_btusb: buf_len = 0xa74b
[    7.397097] rtk_btusb: fw: exists, config file: exists
[    7.397099] rtk_btusb: load_firmware done
[    7.397160] rtk_btusb: download_data start
[    7.498413] rk_gmac-dwmac fe1b0000.ethernet eth0: PHY [stmmac-0:01] driver [YT8531 Gigabit Ethernet] (irq=POLL)
[    7.500453] dwmac4: Master AXI performs any burst length
[    7.500490] rk_gmac-dwmac fe1b0000.ethernet eth0: No Safety Features support found
[    7.500511] rk_gmac-dwmac fe1b0000.ethernet eth0: IEEE 1588-2008 Advanced Timestamp supported
[    7.500735] rk_gmac-dwmac fe1b0000.ethernet eth0: registered PTP clock
[    7.501096] rk_gmac-dwmac fe1b0000.ethernet eth0: configuring for phy/rgmii-rxid link mode
[    7.507497] rk_gmac-dwmac fe1c0000.ethernet eth1: PHY [stmmac-1:01] driver [YT8531 Gigabit Ethernet] (irq=POLL)
[    7.508899] dwmac4: Master AXI performs any burst length
[    7.508944] rk_gmac-dwmac fe1c0000.ethernet eth1: No Safety Features support found
[    7.508977] rk_gmac-dwmac fe1c0000.ethernet eth1: IEEE 1588-2008 Advanced Timestamp supported
[    7.509196] rk_gmac-dwmac fe1c0000.ethernet eth1: registered PTP clock
[    7.509846] rk_gmac-dwmac fe1c0000.ethernet eth1: configuring for phy/rgmii-rxid link mode
[    7.671847] mali fb000000.gpu: Loading Mali firmware 0x1010000
[    7.674610] mali fb000000.gpu: Mali firmware git_sha: ee476db42870778306fa8d559a605a73f13e455c 
[    7.692881] usbcore: registered new interface driver rtl8733bu
[    7.789645] rk_hdmirx fdee0000.hdmirx-controller: hdmirx_audio_startup: device is no connected or audio is off
[    7.789696] hdmi-audio-codec hdmi-audio-codec.6.auto: ASoC: error at snd_soc_dai_startup on i2s-hifi: -19
[    7.801796] rk_hdmirx fdee0000.hdmirx-controller: hdmirx_audio_startup: device is no connected or audio is off
[    7.801846] hdmi-audio-codec hdmi-audio-codec.6.auto: ASoC: error at snd_soc_dai_startup on i2s-hifi: -19
[    7.804189] rtk_btusb: download_data done
[    7.804198] rtk_btusb: HCI reset.
[    7.813729] rk_hdmirx fdee0000.hdmirx-controller: hdmirx_audio_startup: device is no connected or audio is off
[    7.813782] hdmi-audio-codec hdmi-audio-codec.6.auto: ASoC: error at snd_soc_dai_startup on i2s-hifi: -19
[    7.817167] rtk_btusb: read_ver_rsp->lmp_subver = 0x6fec
[    7.817175] rtk_btusb: read_ver_rsp->hci_rev = 0xd8c7
[    7.817178] rtk_btusb: patch_entry->lmp_sub = 0x8723
[    7.817197] rtk_btusb: Rtk patch end 0
[    7.817202] rtk_btusb: chip type value: 0x76
[    7.817234] rtk_btusb: btusb_open set HCI UP RUNNING
[    7.817279] rtk_btcoex: Open BTCOEX
[    7.817288] rtk_btusb: btusb_open end
[    7.818200] rtk_btusb: rtl: read iso handle range done
[    7.829611] rtk_btcoex: rtk_vendor_cmd_to_fw: opcode 0xfc1b
[    7.831186] rtk_btcoex: BTCOEX hci_rev 0xd8c7
[    7.831193] rtk_btcoex: BTCOEX lmp_subver 0x6fec
[    7.852170] rtk_btusb: btusb_notify: hci0 evt 3
[    7.881219] file system registered
[    7.917401] read descriptors
[    7.917446] read strings
[    8.118342] android_work: did not send uevent (0 0 0000000000000000)
[    9.316133] Freeing drm_logo memory: 1048K
[   11.561892] rk_gmac-dwmac fe1c0000.ethernet eth1: Link is Up - 1Gbps/Full - flow control rx/tx
[   11.561963] IPv6: ADDRCONF(NETDEV_CHANGE): eth1: link becomes ready
